../Core/Src/esp_ap_web.c:16:13:rx_push	16	static
../Core/Src/esp_ap_web.c:21:17:rx_count	4	static
../Core/Src/esp_ap_web.c:26:16:rx_peek_char	24	static
../Core/Src/esp_ap_web.c:32:16:rx_pop	16	static
../Core/Src/esp_ap_web.c:39:13:esp_send_raw	24	static
../Core/Src/esp_ap_web.c:44:6:ESPAP_Init	16	static
../Core/Src/esp_ap_web.c:53:6:ESPAP_Reset	8	static
../Core/Src/esp_ap_web.c:57:6:ESPAP_SendAT	8	static
../Core/Src/esp_ap_web.c:61:6:ESPAP_SetAPMode	8	static
../Core/Src/esp_ap_web.c:65:6:ESPAP_SetAP	152	static
../Core/Src/esp_ap_web.c:77:6:ESPAP_EnableMUX	8	static
../Core/Src/esp_ap_web.c:81:6:ESPAP_StartServer	80	static
../Core/Src/esp_ap_web.c:88:6:ESPAP_UpdateDistance	16	static
../Core/Src/esp_ap_web.c:93:13:reply_with_distance	352	static
../Core/Src/esp_ap_web.c:120:13:process_rx_stream	40	static
../Core/Src/esp_ap_web.c:161:6:ESPAP_HandleUARTByte	16	static
