../Drivers/CMSIS/Include/core_cm4.h:2059:26:ITM_SendChar	16	static,ignoring_inline_asm
../Core/Src/main.c:78:5:_write	32	static
../Core/Src/main.c:87:13:DWT_Init	4	static
../Core/Src/main.c:98:6:DWT_Delay_us	24	static,ignoring_inline_asm
../Core/Src/main.c:106:6:HAL_TIM_IC_CaptureCallback	24	static
../Core/Src/main.c:155:5:main	8	static
../Core/Src/main.c:207:6:SystemClock_Config	96	static
../Core/Src/main.c:258:13:MX_SPI2_Init	8	static
../Core/Src/main.c:298:13:MX_TIM1_Init	40	static
../Core/Src/main.c:348:13:MX_USART2_UART_Init	8	static
../Core/Src/main.c:383:13:MX_GPIO_Init	40	static
../Core/Src/main.c:423:6:SD_Log_Init	8	static
../Core/Src/main.c:445:6:SD_Log_Distance	24	static
../Core/Src/main.c:461:10:HCSR04_Read	16	static
../Core/Src/main.c:517:6:Error_Handler	4	static,ignoring_inline_asm
