<html>
<body>
<pre>
<h1>µVision Build Log</h1>
<h2>Project:</h2>
D:\LPC2148\UART2\Uart tx rx.uvproj
Project File Date:  10/30/2025

<h2>Output:</h2>
Rebuild target 'Target 1'
assembling Startup.s...
compiling uart_tx_rx.c...
uart_tx_rx.c(18): warning:  #1-D: last line of file ends without a newline
  }
uart_tx_rx.c: 1 warning, 0 errors
linking...
Program Size: Code=864 RO-data=32 RW-data=4 ZI-data=1260  
FromELF: creating hex file...
".\Uart tx rx.axf" - 0 Error(s), 1 Warning(s).
</pre>
</body>
</html>
