<html>
<body>
<pre>
<h1>µVision Build Log</h1>
<h2>Project:</h2>
D:\LPC2148\workseet 1\8_RTC\RTC.uvproj
Project File Date:  10/31/2025

<h2>Output:</h2>
Rebuild target 'Target 1'
assembling Startup.s...
compiling lcd.c...
header.h(5): warning:  #1-D: last line of file ends without a newline
  void send_string(char *str);
lcd.c(55): warning:  #1-D: last line of file ends without a newline
        
lcd.c: 2 warnings, 0 errors
compiling main.c...
header.h(5): warning:  #1-D: last line of file ends without a newline
  void send_string(char *str);
main.c(44): warning:  #1-D: last line of file ends without a newline
  }
main.c: 2 warnings, 0 errors
compiling uart.c...
header.h(5): warning:  #1-D: last line of file ends without a newline
  void send_string(char *str);
uart.c(19): warning:  #1-D: last line of file ends without a newline
  }
uart.c: 2 warnings, 0 errors
linking...
Program Size: Code=1892 RO-data=16 RW-data=0 ZI-data=1256  
FromELF: creating hex file...
".\RTC.axf" - 0 Error(s), 6 Warning(s).
</pre>
</body>
</html>
