../drivers/Src/stm32l476xx_usart_driver.c:11:6:USART_PeriClockControl	16	static
../drivers/Src/stm32l476xx_usart_driver.c:44:6:USART_Init	24	static
../drivers/Src/stm32l476xx_usart_driver.c:144:6:USART_DeInit	16	static
../drivers/Src/stm32l476xx_usart_driver.c:158:6:USART_SendData	24	static
../drivers/Src/stm32l476xx_usart_driver.c:174:6:USART_ReceiveData	24	static
../drivers/Src/stm32l476xx_usart_driver.c:190:6:USART_SendReceive	24	static
../drivers/Src/stm32l476xx_usart_driver.c:214:9:USART_GetFlagStatus	16	static
../drivers/Src/stm32l476xx_usart_driver.c:220:6:USART_ClearFlag	16	static
../drivers/Src/stm32l476xx_usart_driver.c:224:6:USART_PeripheralControl	16	static
../drivers/Src/stm32l476xx_usart_driver.c:235:17:RCC_GetPCLKFreq	40	static
../drivers/Src/stm32l476xx_usart_driver.c:285:6:USART_SetBaudRate	24	static
../drivers/Src/stm32l476xx_usart_driver.c:318:9:USART_SendDataIT	24	static
../drivers/Src/stm32l476xx_usart_driver.c:334:9:USART_ReceiveDataIT	24	static
../drivers/Src/stm32l476xx_usart_driver.c:352:6:USART_IRQConfig	24	static
../drivers/Src/stm32l476xx_usart_driver.c:379:6:USART_IRQHandling	24	static
