<html>
<body>
<pre>
<h1>µVision Build Log</h1>
<h2>Project:</h2>
D:\LPC2148\workseet 1\2_pushbutton_counter\pushbutton_counter.uvproj
Project File Date:  10/31/2025

<h2>Output:</h2>
Rebuild target 'Target 1'
assembling Startup.s...
compiling main.c...
header.h(5): warning:  #1-D: last line of file ends without a newline
  void delay_us(int us);
header.h(5): warning:  #1-D: last line of file ends without a newline
  void delay_us(int us);
timer.h(18): warning:  #1-D: last line of file ends without a newline
  }
main.c(25): warning:  #1-D: last line of file ends without a newline
  }
main.c: 4 warnings, 0 errors
compiling uart.c...
header.h(5): warning:  #1-D: last line of file ends without a newline
  void delay_us(int us);
uart.c(19): warning:  #1-D: last line of file ends without a newline
  }
uart.c: 2 warnings, 0 errors
linking...
Program Size: Code=1132 RO-data=16 RW-data=0 ZI-data=1256  
FromELF: creating hex file...
".\pushbutton_counter.axf" - 0 Error(s), 6 Warning(s).
</pre>
</body>
</html>
ton_counter.axf" - 3 Error(s), 4 Warning(s).
Target not created
