../Drivers/CMSIS/Include/core_cm4.h:2059:26:ITM_SendChar	16	static,ignoring_inline_asm
../Core/Src/main.c:41:6:debug_printf	272	static
../Core/Src/main.c:56:6:rtos_delay	16	static
../Core/Src/main.c:63:6:led_Task_Handler	16	static
../Core/Src/main.c:75:6:btn_Task_Handler	24	static
../Core/Src/main.c:106:5:main	32	static,ignoring_inline_asm
../Core/Src/main.c:135:6:SystemClock_Config	96	static
../Core/Src/main.c:185:13:MX_USART2_UART_Init	8	static
../Core/Src/main.c:220:13:MX_GPIO_Init	48	static
../Core/Src/main.c:265:6:StartDefaultTask	16	static
../Core/Src/main.c:280:6:Error_Handler	4	static,ignoring_inline_asm
