../Core/Src/main.c:54:6:HAL_TIM_IC_CaptureCallback	16	static
../Core/Src/main.c:85:10:HCSR04_Read	16	static
../Core/Src/main.c:107:6:HAL_GPIO_EXTI_Callback	24	static
../Core/Src/main.c:144:5:main	104	static
../Core/Src/main.c:209:6:SystemClock_Config	96	static
../Core/Src/main.c:242:13:MX_SPI2_Init	8	static
../Core/Src/main.c:260:13:MX_TIM1_Init	40	static
../Core/Src/main.c:285:13:MX_USART2_UART_Init	8	static
../Core/Src/main.c:299:13:MX_GPIO_Init	48	static
../Core/Src/main.c:374:6:Error_Handler	4	static,ignoring_inline_asm
