<html>
<body>
<pre>
<h1>µVision Build Log</h1>
<h2>Project:</h2>
D:\LPC2148\workseet 1\6_PWM_motor\pwm_motor.uvproj
Project File Date:  10/31/2025

<h2>Output:</h2>
Rebuild target 'Target 1'
assembling Startup.s...
compiling uart.c...
header.h(3): warning:  #1-D: last line of file ends without a newline
  void uart_tx_string(const char *str);
uart.c(19): warning:  #1-D: last line of file ends without a newline
  }
uart.c: 2 warnings, 0 errors
compiling main.c...
header.h(3): warning:  #1-D: last line of file ends without a newline
  void uart_tx_string(const char *str);
main.c(38): warning:  #1-D: last line of file ends without a newline
  }
main.c: 2 warnings, 0 errors
linking...
Program Size: Code=1100 RO-data=16 RW-data=0 ZI-data=1256  
FromELF: creating hex file...
".\pwm_motor.axf" - 0 Error(s), 4 Warning(s).
</pre>
</body>
</html>
