<html>
<body>
<pre>
<h1>µVision Build Log</h1>
<h2>Project:</h2>
D:\LPC2148\workseet 1\5_LDC_keypad\keypad_LCD.uvproj
Project File Date:  10/31/2025

<h2>Output:</h2>
Rebuild target 'Target 1'
assembling Startup.s...
compiling key_pad.c...
header.h(6): warning:  #1-D: last line of file ends without a newline
  void send_string(char *);
key_pad.c: 1 warning, 0 errors
compiling lcd.c...
header.h(6): warning:  #1-D: last line of file ends without a newline
  void send_string(char *);
lcd.c(51): warning:  #1-D: last line of file ends without a newline
  }
lcd.c: 2 warnings, 0 errors
compiling main.c...
header.h(6): warning:  #1-D: last line of file ends without a newline
  void send_string(char *);
main.c(40): warning:  #1-D: last line of file ends without a newline
  }
main.c: 2 warnings, 0 errors
linking...
Program Size: Code=1672 RO-data=28 RW-data=0 ZI-data=1256  
FromELF: creating hex file...
".\keypad_LCD.axf" - 0 Error(s), 5 Warning(s).
</pre>
</body>
</html>
