<html>
<body>
<pre>
<h1>µVision Build Log</h1>
<h2>Project:</h2>
D:\LPC2148\Stepper Motor\stepper motor.uvproj
Project File Date:  10/31/2025

<h2>Output:</h2>
Rebuild target 'Target 1'
assembling Startup.s...
compiling stepper_motor.c...
stepper_motor.c(23): warning:  #1-D: last line of file ends without a newline
        
stepper_motor.c: 1 warning, 0 errors
linking...
Program Size: Code=840 RO-data=16 RW-data=0 ZI-data=1256  
FromELF: creating hex file...
".\stepper motor.axf" - 0 Error(s), 1 Warning(s).
</pre>
</body>
</html>
