<html>
<body>
<pre>
<h1>µVision Build Log</h1>
<h2>Project:</h2>
D:\LPC2148\workseet 1\4_uart\uart.uvproj
Project File Date:  10/31/2025

<h2>Output:</h2>
Rebuild target 'Target 1'
assembling Startup.s...
compiling uart.c...
header.h(6): warning:  #1-D: last line of file ends without a newline
  unsigned char uart_rx(void);
uart.c(19): warning:  #1-D: last line of file ends without a newline
  }
uart.c: 2 warnings, 0 errors
compiling main.c...
header.h(6): warning:  #1-D: last line of file ends without a newline
  unsigned char uart_rx(void);
timer.h(17): warning:  #1-D: last line of file ends without a newline
  }
main.c(19): warning:  #1-D: last line of file ends without a newline
  }
main.c: 3 warnings, 0 errors
linking...
Program Size: Code=1100 RO-data=16 RW-data=0 ZI-data=1256  
FromELF: creating hex file...
".\uart.axf" - 0 Error(s), 5 Warning(s).
</pre>
</body>
</html>
