Archive member included to satisfy reference by file (symbol)

C:/ST/STM32CubeIDE_1.19.0/STM32CubeIDE/plugins/com.st.stm32cube.ide.mcu.externaltools.gnu-tools-for-stm32.13.3.rel1.win32_1.0.0.202411081344/tools/bin/../lib/gcc/arm-none-eabi/13.3.1/../../../../arm-none-eabi/lib/thumb/v7e-m+fp/hard\libc_nano.a(libc_a-exit.o)
                              C:/ST/STM32CubeIDE_1.19.0/STM32CubeIDE/plugins/com.st.stm32cube.ide.mcu.externaltools.gnu-tools-for-stm32.13.3.rel1.win32_1.0.0.202411081344/tools/bin/../lib/gcc/arm-none-eabi/13.3.1/../../../../arm-none-eabi/lib/thumb/v7e-m+fp/hard/crt0.o (exit)
C:/ST/STM32CubeIDE_1.19.0/STM32CubeIDE/plugins/com.st.stm32cube.ide.mcu.externaltools.gnu-tools-for-stm32.13.3.rel1.win32_1.0.0.202411081344/tools/bin/../lib/gcc/arm-none-eabi/13.3.1/../../../../arm-none-eabi/lib/thumb/v7e-m+fp/hard\libc_nano.a(libc_a-findfp.o)
                              C:/ST/STM32CubeIDE_1.19.0/STM32CubeIDE/plugins/com.st.stm32cube.ide.mcu.externaltools.gnu-tools-for-stm32.13.3.rel1.win32_1.0.0.202411081344/tools/bin/../lib/gcc/arm-none-eabi/13.3.1/../../../../arm-none-eabi/lib/thumb/v7e-m+fp/hard\libc_nano.a(libc_a-exit.o) (__stdio_exit_handler)
C:/ST/STM32CubeIDE_1.19.0/STM32CubeIDE/plugins/com.st.stm32cube.ide.mcu.externaltools.gnu-tools-for-stm32.13.3.rel1.win32_1.0.0.202411081344/tools/bin/../lib/gcc/arm-none-eabi/13.3.1/../../../../arm-none-eabi/lib/thumb/v7e-m+fp/hard\libc_nano.a(libc_a-fwalk.o)
                              C:/ST/STM32CubeIDE_1.19.0/STM32CubeIDE/plugins/com.st.stm32cube.ide.mcu.externaltools.gnu-tools-for-stm32.13.3.rel1.win32_1.0.0.202411081344/tools/bin/../lib/gcc/arm-none-eabi/13.3.1/../../../../arm-none-eabi/lib/thumb/v7e-m+fp/hard\libc_nano.a(libc_a-findfp.o) (_fwalk_sglue)
C:/ST/STM32CubeIDE_1.19.0/STM32CubeIDE/plugins/com.st.stm32cube.ide.mcu.externaltools.gnu-tools-for-stm32.13.3.rel1.win32_1.0.0.202411081344/tools/bin/../lib/gcc/arm-none-eabi/13.3.1/../../../../arm-none-eabi/lib/thumb/v7e-m+fp/hard\libc_nano.a(libc_a-snprintf.o)
                              ./drivers/src/esp8266.o (snprintf)
C:/ST/STM32CubeIDE_1.19.0/STM32CubeIDE/plugins/com.st.stm32cube.ide.mcu.externaltools.gnu-tools-for-stm32.13.3.rel1.win32_1.0.0.202411081344/tools/bin/../lib/gcc/arm-none-eabi/13.3.1/../../../../arm-none-eabi/lib/thumb/v7e-m+fp/hard\libc_nano.a(libc_a-stdio.o)
                              C:/ST/STM32CubeIDE_1.19.0/STM32CubeIDE/plugins/com.st.stm32cube.ide.mcu.externaltools.gnu-tools-for-stm32.13.3.rel1.win32_1.0.0.202411081344/tools/bin/../lib/gcc/arm-none-eabi/13.3.1/../../../../arm-none-eabi/lib/thumb/v7e-m+fp/hard\libc_nano.a(libc_a-findfp.o) (__sread)
C:/ST/STM32CubeIDE_1.19.0/STM32CubeIDE/plugins/com.st.stm32cube.ide.mcu.externaltools.gnu-tools-for-stm32.13.3.rel1.win32_1.0.0.202411081344/tools/bin/../lib/gcc/arm-none-eabi/13.3.1/../../../../arm-none-eabi/lib/thumb/v7e-m+fp/hard\libc_nano.a(libc_a-memset.o)
                              C:/ST/STM32CubeIDE_1.19.0/STM32CubeIDE/plugins/com.st.stm32cube.ide.mcu.externaltools.gnu-tools-for-stm32.13.3.rel1.win32_1.0.0.202411081344/tools/bin/../lib/gcc/arm-none-eabi/13.3.1/../../../../arm-none-eabi/lib/thumb/v7e-m+fp/hard/crt0.o (memset)
C:/ST/STM32CubeIDE_1.19.0/STM32CubeIDE/plugins/com.st.stm32cube.ide.mcu.externaltools.gnu-tools-for-stm32.13.3.rel1.win32_1.0.0.202411081344/tools/bin/../lib/gcc/arm-none-eabi/13.3.1/../../../../arm-none-eabi/lib/thumb/v7e-m+fp/hard\libc_nano.a(libc_a-strstr.o)
                              ./drivers/src/esp8266.o (strstr)
C:/ST/STM32CubeIDE_1.19.0/STM32CubeIDE/plugins/com.st.stm32cube.ide.mcu.externaltools.gnu-tools-for-stm32.13.3.rel1.win32_1.0.0.202411081344/tools/bin/../lib/gcc/arm-none-eabi/13.3.1/../../../../arm-none-eabi/lib/thumb/v7e-m+fp/hard\libc_nano.a(libc_a-closer.o)
                              C:/ST/STM32CubeIDE_1.19.0/STM32CubeIDE/plugins/com.st.stm32cube.ide.mcu.externaltools.gnu-tools-for-stm32.13.3.rel1.win32_1.0.0.202411081344/tools/bin/../lib/gcc/arm-none-eabi/13.3.1/../../../../arm-none-eabi/lib/thumb/v7e-m+fp/hard\libc_nano.a(libc_a-stdio.o) (_close_r)
C:/ST/STM32CubeIDE_1.19.0/STM32CubeIDE/plugins/com.st.stm32cube.ide.mcu.externaltools.gnu-tools-for-stm32.13.3.rel1.win32_1.0.0.202411081344/tools/bin/../lib/gcc/arm-none-eabi/13.3.1/../../../../arm-none-eabi/lib/thumb/v7e-m+fp/hard\libc_nano.a(libc_a-reent.o)
                              C:/ST/STM32CubeIDE_1.19.0/STM32CubeIDE/plugins/com.st.stm32cube.ide.mcu.externaltools.gnu-tools-for-stm32.13.3.rel1.win32_1.0.0.202411081344/tools/bin/../lib/gcc/arm-none-eabi/13.3.1/../../../../arm-none-eabi/lib/thumb/v7e-m+fp/hard\libc_nano.a(libc_a-closer.o) (errno)
C:/ST/STM32CubeIDE_1.19.0/STM32CubeIDE/plugins/com.st.stm32cube.ide.mcu.externaltools.gnu-tools-for-stm32.13.3.rel1.win32_1.0.0.202411081344/tools/bin/../lib/gcc/arm-none-eabi/13.3.1/../../../../arm-none-eabi/lib/thumb/v7e-m+fp/hard\libc_nano.a(libc_a-impure.o)
[...]
Memory Configuration

Name             Origin             Length             Attributes
RAM              0x20000000         0x00018000         xrw
SRAM2            0x10000000         0x00008000         xrw
FLASH            0x08000000         0x00100000         xr
*default*        0x00000000         0xffffffff

Linker script and memory map

LOAD C:/ST/STM32CubeIDE_1.19.0/STM32CubeIDE/plugins/com.st.stm32cube.ide.mcu.externaltools.gnu-tools-for-stm32.13.3.rel1.win32_1.0.0.202411081344/tools/bin/../lib/gcc/arm-none-eabi/13.3.1/thumb/v7e-m+fp/hard/crti.o
LOAD C:/ST/STM32CubeIDE_1.19.0/STM32CubeIDE/plugins/com.st.stm32cube.ide.mcu.externaltools.gnu-tools-for-stm32.13.3.rel1.win32_1.0.0.202411081344/tools/bin/../lib/gcc/arm-none-eabi/13.3.1/thumb/v7e-m+fp/hard/crtbegin.o
LOAD C:/ST/STM32CubeIDE_1.19.0/STM32CubeIDE/plugins/com.st.stm32cube.ide.mcu.externaltools.gnu-tools-for-stm32.13.3.rel1.win32_1.0.0.202411081344/tools/bin/../lib/gcc/arm-none-eabi/13.3.1/../../../../arm-none-eabi/lib/thumb/v7e-m+fp/hard/crt0.o
LOAD ./Src/main.o
LOAD ./Src/syscalls.o
LOAD ./Src/sysmem.o
LOAD ./Startup/startup_stm32l476rgtx.o
LOAD ./drivers/src/esp8266.o
LOAD ./drivers/src/gpio.o
LOAD ./drivers/src/rcc.o
LOAD ./drivers/src/system_stm32l4xx.o
LOAD ./drivers/src/systick.o
LOAD ./drivers/src/timer_ic.o
LOAD ./drivers/src/ultrasonic.o
LOAD ./drivers/src/usart.o
START GROUP
LOAD C:/ST/STM32CubeIDE_1.19.0/STM32CubeIDE/plugins/com.st.stm32cube.ide.mcu.externaltools.gnu-tools-for-stm32.13.3.rel1.win32_1.0.0.202411081344/tools/bin/../lib/gcc/arm-none-eabi/13.3.1/../../../../arm-none-eabi/lib/thumb/v7e-m+fp/hard\libc_nano.a
LOAD C:/ST/STM32CubeIDE_1.19.0/STM32CubeIDE/plugins/com.st.stm32cube.ide.mcu.externaltools.gnu-tools-for-stm32.13.3.rel1.win32_1.0.0.202411081344/tools/bin/../lib/gcc/arm-none-eabi/13.3.1/../../../../arm-none-eabi/lib/thumb/v7e-m+fp/hard\libm.a
END GROUP
START GROUP
LOAD C:/ST/STM32CubeIDE_1.19.0/STM32CubeIDE/plugins/com.st.stm32cube.ide.mcu.externaltools.gnu-tools-for-stm32.13.3.rel1.win32_1.0.0.202411081344/tools/bin/../lib/gcc/arm-none-eabi/13.3.1/thumb/v7e-m+fp/hard\libgcc.a
LOAD C:/ST/STM32CubeIDE_1.19.0/STM32CubeIDE/plugins/com.st.stm32cube.ide.mcu.externaltools.gnu-tools-for-stm32.13.3.rel1.win32_1.0.0.202411081344/tools/bin/../lib/gcc/arm-none-eabi/13.3.1/../../../../arm-none-eabi/lib/thumb/v7e-m+fp/hard\libc_nano.a
END GROUP
START GROUP
LOAD C:/ST/STM32CubeIDE_1.19.0/STM32CubeIDE/plugins/com.st.stm32cube.ide.mcu.externaltools.gnu-tools-for-stm32.13.3.rel1.win32_1.0.0.202411081344/tools/bin/../lib/gcc/arm-none-eabi/13.3.1/thumb/v7e-m+fp/hard\libgcc.a
LOAD C:/ST/STM32CubeIDE_1.19.0/STM32CubeIDE/plugins/com.st.stm32cube.ide.mcu.externaltools.gnu-tools-for-stm32.13.3.rel1.win32_1.0.0.202411081344/tools/bin/../lib/gcc/arm-none-eabi/13.3.1/../../../../arm-none-eabi/lib/thumb/v7e-m+fp/hard\libc_nano.a
LOAD C:/ST/STM32CubeIDE_1.19.0/STM32CubeIDE/plugins/com.st.stm32cube.ide.mcu.externaltools.gnu-tools-for-stm32.13.3.rel1.win32_1.0.0.202411081344/tools/bin/../lib/gcc/arm-none-eabi/13.3.1/../../../../arm-none-eabi/lib/thumb/v7e-m+fp/hard\libnosys.a
END GROUP
START GROUP
LOAD C:/ST/STM32CubeIDE_1.19.0/STM32CubeIDE/plugins/com.st.stm32cube.ide.mcu.externaltools.gnu-tools-for-stm32.13.3.rel1.win32_1.0.0.202411081344/tools/bin/../lib/gcc/arm-none-eabi/13.3.1/thumb/v7e-m+fp/hard\libgcc.a
LOAD C:/ST/STM32CubeIDE_1.19.0/STM32CubeIDE/plugins/com.st.stm32cube.ide.mcu.externaltools.gnu-tools-for-stm32.13.3.rel1.win32_1.0.0.202411081344/tools/bin/../lib/gcc/arm-none-eabi/13.3.1/../../../../arm-none-eabi/lib/thumb/v7e-m+fp/hard\libc_nano.a
LOAD C:/ST/STM32CubeIDE_1.19.0/STM32CubeIDE/plugins/com.st.stm32cube.ide.mcu.externaltools.gnu-tools-for-stm32.13.3.rel1.win32_1.0.0.202411081344/tools/bin/../lib/gcc/arm-none-eabi/13.3.1/../../../../arm-none-eabi/lib/thumb/v7e-m+fp/hard\libnosys.a
END GROUP
LOAD C:/ST/STM32CubeIDE_1.19.0/STM32CubeIDE/plugins/com.st.stm32cube.ide.mcu.externaltools.gnu-tools-for-stm32.13.3.rel1.win32_1.0.0.202411081344/tools/bin/../lib/gcc/arm-none-eabi/13.3.1/thumb/v7e-m+fp/hard/crtend.o
LOAD C:/ST/STM32CubeIDE_1.19.0/STM32CubeIDE/plugins/com.st.stm32cube.ide.mcu.externaltools.gnu-tools-for-stm32.13.3.rel1.win32_1.0.0.202411081344/tools/bin/../lib/gcc/arm-none-eabi/13.3.1/thumb/v7e-m+fp/hard/crtn.o
                0x20018000                        _estack = (ORIGIN (RAM) + LENGTH (RAM))
                0x00000200                        _Min_Heap_Size = 0x200
                0x00000400                        _Min_Stack_Size = 0x400

.isr_vector     0x08000000      0x18c
                0x08000000                        . = ALIGN (0x4)
 *(.isr_vector)
 .isr_vector    0x08000000      0x18c ./Startup/startup_stm32l476rgtx.o
                0x08000000                g_pfnVectors
                0x0800018c                        . = ALIGN (0x4)

.text           0x0800018c      0x344
                0x0800018c                        . = ALIGN (0x4)
 *(.text)
 .text          0x0800018c       0x40 C:/ST/STM32CubeIDE_1.19.0/STM32CubeIDE/plugins/com.st.stm32cube.ide.mcu.externaltools.gnu-tools-for-stm32.13.3.rel1.win32_1.0.0.202411081344/tools/bin/../lib/gcc/arm-none-eabi/13.3.1/thumb/v7e-m+fp/hard/crtbegin.o
 *(.text*)
 .text.main     0x080001cc       0xbc ./Src/main.o
                0x080001cc                main
 .text.Reset_Handler
                0x08000288       0x50 ./Startup/startup_stm32l476rgtx.o
                0x08000288                Reset_Handler
 .text.Default_Handler
                0x080002d8        0x2 ./Startup/startup_stm32l476rgtx.o
                0x080002d8                EXTI2_IRQHandler
                0x080002d8                TIM8_TRG_COM_IRQHandler
                0x080002d8                TIM8_CC_IRQHandler
                0x080002d8                DebugMon_Handler
                0x080002d8                DMA1_CH4_IRQHandler
                0x080002d8                TIM1_CC_IRQHandler
                0x080002d8                TSC_IRQHandler
                0x080002d8                HardFault_Handler
                0x080002d8                TAMP_STAMP_IRQHandler
                0x080002d8                PendSV_Handler
                0x080002d8                NMI_Handler
                0x080002d8                EXTI3_IRQHandler
                0x080002d8                LPTIM2_IRQHandler
                0x080002d8                DFSDM1_FLT1_IRQHandler
                0x080002d8                I2C3_ER_IRQHandler
                0x080002d8                DFSDM1_FLT2_IRQHandler
                0x080002d8                TIM6_DACUNDER_IRQHandler
                0x080002d8                EXTI0_IRQHandler
                0x080002d8                I2C2_EV_IRQHandler
                0x080002d8                DMA2_CH1_IRQHandler
                0x080002d8                CAN1_RX0_IRQHandler
                0x080002d8                FPU_IRQHandler
                0x080002d8                TIM1_UP_TIM16_IRQHandler
                0x080002d8                DMA2_CH7_IRQHandler
                0x080002d8                UsageFault_Handler
                0x080002d8                ADC1_2_IRQHandler
                0x080002d8                SPI1_IRQHandler
                0x080002d8                DMA1_CH7_IRQHandler
                0x080002d8                TIM8_UP_IRQHandler
                0x080002d8                RTC_ALARM_IRQHandler
                0x080002d8                SAI2_IRQHandler
                0x080002d8                DFSDM1_FLT3_IRQHandler
                0x080002d8                DMA1_CH6_IRQHandler
                0x080002d8                USART3_IRQHandler
                0x080002d8                CAN1_RX1_IRQHandler
                0x080002d8                LCD_IRQHandler
                0x080002d8                UART5_IRQHandler
                0x080002d8                ADC3_IRQHandler
                0x080002d8                TIM4_IRQHandler
                0x080002d8                QUADSPI_IRQHandler
                0x080002d8                I2C1_EV_IRQHandler
                0x080002d8                DMA2_CH5_IRQHandler
                0x080002d8                UART4_IRQHandler
                0x080002d8                DMA1_CH3_IRQHandler
                0x080002d8                TIM3_IRQHandler
                0x080002d8                RCC_IRQHandler
                0x080002d8                Default_Handler
                0x080002d8                EXTI15_10_IRQHandler
                0x080002d8                TIM7_IRQHandler
                0x080002d8                SDMMC1_IRQHandler
                0x080002d8                TIM5_IRQHandler
                0x080002d8                I2C3_EV_IRQHandler
                0x080002d8                EXTI9_5_IRQHandler
                0x080002d8                DMA1_CH2_IRQHandler
                0x080002d8                RTC_WKUP_IRQHandler
                0x080002d8                PVD_PVM_IRQHandler
                0x080002d8                SPI2_IRQHandler
                0x080002d8                DMA1_CH1_IRQHandler
                0x080002d8                MemManage_Handler
                0x080002d8                CAN1_TX_IRQHandler
                0x080002d8                SVC_Handler
                0x080002d8                CRS_IRQHandler
                0x080002d8                EXTI4_IRQHandler
                0x080002d8                RNG_IRQHandler
                0x080002d8                TIM1_TRG_COM_TIM17_IRQHandler
                0x080002d8                COMP_IRQHandler
                0x080002d8                WWDG_IRQHandler
                0x080002d8                LPUART1_IRQHandler
                0x080002d8                TIM2_IRQHandler
                0x080002d8                EXTI1_IRQHandler
                0x080002d8                DFSDM1_FLT0_IRQHandler
                0x080002d8                I2C2_ER_IRQHandler
                0x080002d8                TIM8_BRK_IRQHandler
                0x080002d8                CAN1_SCE_IRQHandler
                0x080002d8                FLASH_IRQHandler
                0x080002d8                BusFault_Handler
                0x080002d8                USART1_IRQHandler
                0x080002d8                OTG_FS_IRQHandler
                0x080002d8                SPI3_IRQHandler
                0x080002d8                DMA2_CH6_IRQHandler
                0x080002d8                DMA2_CH3_IRQHandler
                0x080002d8                DMA2_CH2_IRQHandler
                0x080002d8                I2C1_ER_IRQHandler
                0x080002d8                FMC_IRQHandler
                0x080002d8                DMA1_CH5_IRQHandler
                0x080002d8                DMA2_CH4_IRQHandler
                0x080002d8                SWPMI1_IRQHandler
                0x080002d8                LPTIM1_IRQHandler
                0x080002d8                SAI1_IRQHandler
                0x080002d8                TIM1_BRK_TIM15_IRQHandler
 *fill*         0x080002da        0x2 
 .text.SystemInit
                0x080002dc       0x2c ./drivers/src/system_stm32l4xx.o
                0x080002dc                SystemInit
 .text.NVIC_SetPriority
                0x08000308       0x2c ./drivers/src/systick.o
 .text.Systick_Init
                0x08000334       0x44 ./drivers/src/systick.o
                0x08000334                Systick_Init
 .text.SysTick_Handler
                0x08000378       0x1c ./drivers/src/systick.o
                0x08000378                SysTick_Handler
 .text.delay_ms
                0x08000394       0x34 ./drivers/src/systick.o
                0x08000394                delay_ms
 .text.delay_us
                0x080003c8       0x38 ./drivers/src/systick.o
                0x080003c8                delay_us
 .text.USART2_IRQHandler
                0x08000400       0x70 ./drivers/src/usart.o
                0x08000400                USART2_IRQHandler
 .text.__libc_init_array
                0x08000470       0x48 C:/ST/STM32CubeIDE_1.19.0/STM32CubeIDE/plugins/com.st.stm32cube.ide.mcu.externaltools.gnu-tools-for-stm32.13.3.rel1.win32_1.0.0.202411081344/tools/bin/../lib/gcc/arm-none-eabi/13.3.1/../../../../arm-none-eabi/lib/thumb/v7e-m+fp/hard\libc_nano.a(libc_a-init.o)
                0x08000470                __libc_init_array
 *(.glue_7)
 .glue_7        0x080004b8        0x0 linker stubs
 *(.glue_7t)
 .glue_7t       0x080004b8        0x0 linker stubs
 *(.eh_frame)
 .eh_frame      0x080004b8        0x0 C:/ST/STM32CubeIDE_1.19.0/STM32CubeIDE/plugins/com.st.stm32cube.ide.mcu.externaltools.gnu-tools-for-stm32.13.3.rel1.win32_1.0.0.202411081344/tools/bin/../lib/gcc/arm-none-eabi/13.3.1/thumb/v7e-m+fp/hard/crtbegin.o
 *(.init)
 .init          0x080004b8        0x4 C:/ST/STM32CubeIDE_1.19.0/STM32CubeIDE/plugins/com.st.stm32cube.ide.mcu.externaltools.gnu-tools-for-stm32.13.3.rel1.win32_1.0.0.202411081344/tools/bin/../lib/gcc/arm-none-eabi/13.3.1/thumb/v7e-m+fp/hard/crti.o
                0x080004b8                _init
 .init          0x080004bc        0x8 C:/ST/STM32CubeIDE_1.19.0/STM32CubeIDE/plugins/com.st.stm32cube.ide.mcu.externaltools.gnu-tools-for-stm32.13.3.rel1.win32_1.0.0.202411081344/tools/bin/../lib/gcc/arm-none-eabi/13.3.1/thumb/v7e-m+fp/hard/crtn.o
 *(.fini)
 .fini          0x080004c4        0x4 C:/ST/STM32CubeIDE_1.19.0/STM32CubeIDE/plugins/com.st.stm32cube.ide.mcu.externaltools.gnu-tools-for-stm32.13.3.rel1.win32_1.0.0.202411081344/tools/bin/../lib/gcc/arm-none-eabi/13.3.1/thumb/v7e-m+fp/hard/crti.o
                0x080004c4                _fini
 .fini          0x080004c8        0x8 C:/ST/STM32CubeIDE_1.19.0/STM32CubeIDE/plugins/com.st.stm32cube.ide.mcu.externaltools.gnu-tools-for-stm32.13.3.rel1.win32_1.0.0.202411081344/tools/bin/../lib/gcc/arm-none-eabi/13.3.1/thumb/v7e-m+fp/hard/crtn.o
                0x080004d0                        . = ALIGN (0x4)
                0x080004d0                        _etext = .

.vfp11_veneer   0x080004d0        0x0
 .vfp11_veneer  0x080004d0        0x0 linker stubs

.v4_bx          0x080004d0        0x0
 .v4_bx         0x080004d0        0x0 linker stubs

.iplt           0x080004d0        0x0
 .iplt          0x080004d0        0x0 C:/ST/STM32CubeIDE_1.19.0/STM32CubeIDE/plugins/com.st.stm32cube.ide.mcu.externaltools.gnu-tools-for-stm32.13.3.rel1.win32_1.0.0.202411081344/tools/bin/../lib/gcc/arm-none-eabi/13.3.1/thumb/v7e-m+fp/hard/crtbegin.o

.rodata         0x080004d0        0x0
                0x080004d0                        . = ALIGN (0x4)
 *(.rodata)
 *(.rodata*)
                0x080004d0                        . = ALIGN (0x4)

.ARM.extab      0x080004d0        0x0
                0x080004d0                        . = ALIGN (0x4)
 *(.ARM.extab* .gnu.linkonce.armextab.*)
                0x080004d0                        . = ALIGN (0x4)

.ARM            0x080004d0        0x0
                0x080004d0                        . = ALIGN (0x4)
                0x080004d0                        __exidx_start = .
 *(.ARM.exidx*)
                0x080004d0                        __exidx_end = .
                0x080004d0                        . = ALIGN (0x4)

.preinit_array  0x080004d0        0x0
                0x080004d0                        . = ALIGN (0x4)
                0x080004d0                        PROVIDE (__preinit_array_start = .)
 *(.preinit_array*)
                0x080004d0                        PROVIDE (__preinit_array_end = .)
                0x080004d0                        . = ALIGN (0x4)

.init_array     0x080004d0        0x4
                0x080004d0                        . = ALIGN (0x4)
                0x080004d0                        PROVIDE (__init_array_start = .)
 *(SORT_BY_NAME(.init_array.*))
 *(.init_array*)
 .init_array    0x080004d0        0x4 C:/ST/STM32CubeIDE_1.19.0/STM32CubeIDE/plugins/com.st.stm32cube.ide.mcu.externaltools.gnu-tools-for-stm32.13.3.rel1.win32_1.0.0.202411081344/tools/bin/../lib/gcc/arm-none-eabi/13.3.1/thumb/v7e-m+fp/hard/crtbegin.o
                0x080004d4                        PROVIDE (__init_array_end = .)
                0x080004d4                        . = ALIGN (0x4)

.fini_array     0x080004d4        0x4
                0x080004d4                        . = ALIGN (0x4)
                [!provide]                        PROVIDE (__fini_array_start = .)
 *(SORT_BY_NAME(.fini_array.*))
 *(.fini_array*)
 .fini_array    0x080004d4        0x4 C:/ST/STM32CubeIDE_1.19.0/STM32CubeIDE/plugins/com.st.stm32cube.ide.mcu.externaltools.gnu-tools-for-stm32.13.3.rel1.win32_1.0.0.202411081344/tools/bin/../lib/gcc/arm-none-eabi/13.3.1/thumb/v7e-m+fp/hard/crtbegin.o
                [!provide]                        PROVIDE (__fini_array_end = .)
                0x080004d8                        . = ALIGN (0x4)
                0x080004d8                        _sidata = LOADADDR (.data)

.rel.dyn        0x080004d8        0x0
 .rel.iplt      0x080004d8        0x0 C:/ST/STM32CubeIDE_1.19.0/STM32CubeIDE/plugins/com.st.stm32cube.ide.mcu.externaltools.gnu-tools-for-stm32.13.3.rel1.win32_1.0.0.202411081344/tools/bin/../lib/gcc/arm-none-eabi/13.3.1/thumb/v7e-m+fp/hard/crtbegin.o

.data           0x20000000        0x4 load address 0x080004d8
                0x20000000                        . = ALIGN (0x4)
                0x20000000                        _sdata = .
 *(.data)
 *(.data*)
 .data.SystemCoreClock
                0x20000000        0x4 ./drivers/src/system_stm32l4xx.o
                0x20000000                SystemCoreClock
 *(.RamFunc)
 *(.RamFunc*)
                0x20000004                        . = ALIGN (0x4)
                0x20000004                        _edata = .
                0x080004dc                        _sisram2 = LOADADDR (.sram2)

.igot.plt       0x20000004        0x0 load address 0x080004dc
 .igot.plt      0x20000004        0x0 C:/ST/STM32CubeIDE_1.19.0/STM32CubeIDE/plugins/com.st.stm32cube.ide.mcu.externaltools.gnu-tools-for-stm32.13.3.rel1.win32_1.0.0.202411081344/tools/bin/../lib/gcc/arm-none-eabi/13.3.1/thumb/v7e-m+fp/hard/crtbegin.o

.sram2          0x10000000        0x0 load address 0x080004dc
                0x10000000                        . = ALIGN (0x4)
                0x10000000                        _ssram2 = .
 *(.sram2)
 *(.sram2*)
                0x10000000                        . = ALIGN (0x4)
                0x10000000                        _esram2 = .
                0x10000000                        . = ALIGN (0x4)

.bss            0x20000004      0x22c
                0x20000004                        _sbss = .
                0x20000004                        __bss_start__ = _sbss
 *(.bss)
 .bss           0x20000004       0x1c C:/ST/STM32CubeIDE_1.19.0/STM32CubeIDE/plugins/com.st.stm32cube.ide.mcu.externaltools.gnu-tools-for-stm32.13.3.rel1.win32_1.0.0.202411081344/tools/bin/../lib/gcc/arm-none-eabi/13.3.1/thumb/v7e-m+fp/hard/crtbegin.o
 *(.bss*)
 .bss.echo_state
                0x20000020        0x4 ./Src/main.o
                0x20000020                echo_state
 .bss.trig_pulse
                0x20000024        0x4 ./Src/main.o
                0x20000024                trig_pulse
 .bss.ms_ticks  0x20000028        0x4 ./drivers/src/systick.o
 .bss.rx_buf    0x2000002c      0x200 ./drivers/src/usart.o
 .bss.rx_head   0x2000022c        0x2 ./drivers/src/usart.o
 .bss.rx_tail   0x2000022e        0x2 ./drivers/src/usart.o
 *(COMMON)
                0x20000230                        . = ALIGN (0x4)
                0x20000230                        _ebss = .
                0x20000230                        __bss_end__ = _ebss

._user_heap_stack
                0x20000230      0x600
                0x20000230                        . = ALIGN (0x8)
                [!provide]                        PROVIDE (end = .)
                0x20000230                        PROVIDE (_end = .)
                0x20000430                        . = (. + _Min_Heap_Size)
 *fill*         0x20000230      0x200 
                0x20000830                        . = (. + _Min_Stack_Size)
 *fill*         0x20000430      0x400 
                0x20000830                        . = ALIGN (0x8)

/DISCARD/
 libc.a(*)
 libm.a(*)
 libgcc.a(*)

.ARM.attributes
                0x00000000       0x30
 *(.ARM.attributes)
 .ARM.attributes
                0x00000000       0x22 C:/ST/STM32CubeIDE_1.19.0/STM32CubeIDE/plugins/com.st.stm32cube.ide.mcu.externaltools.gnu-tools-for-stm32.13.3.rel1.win32_1.0.0.202411081344/tools/bin/../lib/gcc/arm-none-eabi/13.3.1/thumb/v7e-m+fp/hard/crti.o
 .ARM.attributes
                0x00000022       0x34 C:/ST/STM32CubeIDE_1.19.0/STM32CubeIDE/plugins/com.st.stm32cube.ide.mcu.externaltools.gnu-tools-for-stm32.13.3.rel1.win32_1.0.0.202411081344/tools/bin/../lib/gcc/arm-none-eabi/13.3.1/thumb/v7e-m+fp/hard/crtbegin.o
 .ARM.attributes
                0x00000056       0x34 ./Src/main.o
 .ARM.attributes
                0x0000008a       0x21 ./Startup/startup_stm32l476rgtx.o
 .ARM.attributes
                0x000000ab       0x34 ./drivers/src/system_stm32l4xx.o
 .ARM.attributes
                0x000000df       0x34 ./drivers/src/systick.o
 .ARM.attributes
                0x00000113       0x34 ./drivers/src/usart.o
 .ARM.attributes
                0x00000147       0x34 C:/ST/STM32CubeIDE_1.19.0/STM32CubeIDE/plugins/com.st.stm32cube.ide.mcu.externaltools.gnu-tools-for-stm32.13.3.rel1.win32_1.0.0.202411081344/tools/bin/../lib/gcc/arm-none-eabi/13.3.1/../../../../arm-none-eabi/lib/thumb/v7e-m+fp/hard\libc_nano.a(libc_a-init.o)
 .ARM.attributes
                0x0000017b       0x22 C:/ST/STM32CubeIDE_1.19.0/STM32CubeIDE/plugins/com.st.stm32cube.ide.mcu.externaltools.gnu-tools-for-stm32.13.3.rel1.win32_1.0.0.202411081344/tools/bin/../lib/gcc/arm-none-eabi/13.3.1/thumb/v7e-m+fp/hard/crtn.o
OUTPUT(pro_2_ultasonic_wifi.elf elf32-littlearm)
LOAD linker stubs
LOAD C:/ST/STM32CubeIDE_1.19.0/STM32CubeIDE/plugins/com.st.stm32cube.ide.mcu.externaltools.gnu-tools-for-stm32.13.3.rel1.win32_1.0.0.202411081344/tools/bin/../lib/gcc/arm-none-eabi/13.3.1/../../../../arm-none-eabi/lib/thumb/v7e-m+fp/hard\libc.a
LOAD C:/ST/STM32CubeIDE_1.19.0/STM32CubeIDE/plugins/com.st.stm32cube.ide.mcu.externaltools.gnu-tools-for-stm32.13.3.rel1.win32_1.0.0.202411081344/tools/bin/../lib/gcc/arm-none-eabi/13.3.1/../../../../arm-none-eabi/lib/thumb/v7e-m+fp/hard\libm.a
LOAD C:/ST/STM32CubeIDE_1.19.0/STM32CubeIDE/plugins/com.st.stm32cube.ide.mcu.externaltools.gnu-tools-for-stm32.13.3.rel1.win32_1.0.0.202411081344/tools/bin/../lib/gcc/arm-none-eabi/13.3.1/thumb/v7e-m+fp/hard\libgcc.a

.debug_info     0x00000000      0xab6
 .debug_info    0x00000000      0x2a7 ./Src/main.o
 .debug_info    0x000002a7       0x30 ./Startup/startup_stm32l476rgtx.o
 .debug_info    0x000002d7      0x190 ./drivers/src/system_stm32l4xx.o
 .debug_info    0x00000467      0x1d6 ./drivers/src/systick.o
 .debug_info    0x0000063d      0x479 ./drivers/src/usart.o

.debug_abbrev   0x00000000      0x4eb
 .debug_abbrev  0x00000000       0xeb ./Src/main.o
 .debug_abbrev  0x000000eb       0x24 ./Startup/startup_stm32l476rgtx.o
 .debug_abbrev  0x0000010f       0xb7 ./drivers/src/system_stm32l4xx.o
 .debug_abbrev  0x000001c6      0x14b ./drivers/src/systick.o
 .debug_abbrev  0x00000311      0x1da ./drivers/src/usart.o

.debug_aranges  0x00000000      0x120
 .debug_aranges
                0x00000000       0x20 ./Src/main.o
 .debug_aranges
                0x00000020       0x28 ./Startup/startup_stm32l476rgtx.o
 .debug_aranges
                0x00000048       0x28 ./drivers/src/system_stm32l4xx.o
 .debug_aranges
                0x00000070       0x48 ./drivers/src/systick.o
 .debug_aranges
                0x000000b8       0x68 ./drivers/src/usart.o

.debug_rnglists
                0x00000000       0xc1
 .debug_rnglists
                0x00000000       0x14 ./Src/main.o
 .debug_rnglists
                0x00000014       0x19 ./Startup/startup_stm32l476rgtx.o
 .debug_rnglists
                0x0000002d       0x19 ./drivers/src/system_stm32l4xx.o
 .debug_rnglists
                0x00000046       0x31 ./drivers/src/systick.o
 .debug_rnglists
                0x00000077       0x4a ./drivers/src/usart.o

.debug_macro    0x00000000     0x1272
 .debug_macro   0x00000000       0x7c ./Src/main.o
 .debug_macro   0x0000007c      0xade ./Src/main.o
 .debug_macro   0x00000b5a       0x22 ./Src/main.o
 .debug_macro   0x00000b7c       0x8e ./Src/main.o
 .debug_macro   0x00000c0a       0x51 ./Src/main.o
 .debug_macro   0x00000c5b      0x103 ./Src/main.o
 .debug_macro   0x00000d5e       0x6a ./Src/main.o
 .debug_macro   0x00000dc8      0x1df ./Src/main.o
 .debug_macro   0x00000fa7      0x145 ./Src/main.o
 .debug_macro   0x000010ec       0x72 ./drivers/src/system_stm32l4xx.o
 .debug_macro   0x0000115e       0x76 ./drivers/src/systick.o
 .debug_macro   0x000011d4       0x9e ./drivers/src/usart.o

.debug_line     0x00000000     0x15aa
 .debug_line    0x00000000      0x4b1 ./Src/main.o
 .debug_line    0x000004b1       0x7b ./Startup/startup_stm32l476rgtx.o
 .debug_line    0x0000052c      0x48f ./drivers/src/system_stm32l4xx.o
 .debug_line    0x000009bb      0x546 ./drivers/src/systick.o
 .debug_line    0x00000f01      0x6a9 ./drivers/src/usart.o

.debug_str      0x00000000     0x45dc
 .debug_str     0x00000000     0x45dc ./Src/main.o
                               0x4482 (size before relaxing)
 .debug_str     0x000045dc       0x82 ./Startup/startup_stm32l476rgtx.o
 .debug_str     0x000045dc     0x43e7 ./drivers/src/system_stm32l4xx.o
 .debug_str     0x000045dc     0x43f5 ./drivers/src/systick.o
 .debug_str     0x000045dc     0x4521 ./drivers/src/usart.o

.comment        0x00000000       0x43
 .comment       0x00000000       0x43 ./Src/main.o
                                 0x44 (size before relaxing)
 .comment       0x00000043       0x44 ./drivers/src/system_stm32l4xx.o
 .comment       0x00000043       0x44 ./drivers/src/systick.o
 .comment       0x00000043       0x44 ./drivers/src/usart.o

.debug_frame    0x00000000      0x314
 .debug_frame   0x00000000       0x2c ./Src/main.o
 .debug_frame   0x0000002c       0x50 ./drivers/src/system_stm32l4xx.o
 .debug_frame   0x0000007c       0xec ./drivers/src/systick.o
 .debug_frame   0x00000168      0x180 ./drivers/src/usart.o
 .debug_frame   0x000002e8       0x2c C:/ST/STM32CubeIDE_1.19.0/STM32CubeIDE/plugins/com.st.stm32cube.ide.mcu.externaltools.gnu-tools-for-stm32.13.3.rel1.win32_1.0.0.202411081344/tools/bin/../lib/gcc/arm-none-eabi/13.3.1/../../../../arm-none-eabi/lib/thumb/v7e-m+fp/hard\libc_nano.a(libc_a-init.o)

.debug_line_str
                0x00000000       0x66
 .debug_line_str
                0x00000000       0x66 ./Startup/startup_stm32l476rgtx.o
