<html>
<body>
<pre>
<h1>µVision Build Log</h1>
<h2>Project:</h2>
D:\LPC2148\LED_switch\LED_with_switch.uvproj
Project File Date:  10/30/2025

<h2>Output:</h2>
Rebuild target 'Target 1'
assembling Startup.s...
compiling Led_switch.c...
linking...
Program Size: Code=812 RO-data=16 RW-data=0 ZI-data=1256  
FromELF: creating hex file...
".\LED_with_switch.axf" - 0 Error(s), 0 Warning(s).
</pre>
</body>
</html>
ith a definition of startup symbol __main.
Not enough information to list image symbols.
Not enough information to list the image map.
Finished: 2 information, 1 warning and 1 error messages.
".\LED_with_switch.axf" - 1 Error(s), 1 Warning(s).
Target not created
