<html>
<body>
<pre>
<h1>µVision Build Log</h1>
<h2>Project:</h2>
D:\LPC2148\I2C\I2C.uvproj
Project File Date:  11/03/2025

<h2>Output:</h2>
Rebuild target 'Target 1'
assembling Startup.s...
compiling delay.c...
compiling ds1307.c...
compiling eeprom.c...
compiling i2c.c...
compiling lcd.c...
compiling main.c...
linking...
Program Size: Code=2552 RO-data=16 RW-data=0 ZI-data=1256  
FromELF: creating hex file...
".\I2C.axf" - 0 Error(s), 0 Warning(s).
</pre>
</body>
</html>
ning(s).
Target not created
5: cannot open source input file "delay.h": No such file or directory
  #include "delay.h"
lcd.c: 0 warnings, 1 error
compiling main.c...
".\I2C.axf" - 3 Error(s), 0 Warning(s).
Target not created
 "delay.h": No such file or directory
  #include "delay.h"
lcd.c: 0 warnings, 1 error
compiling main.c...
".\I2C.axf" - 5 Error(s), 0 Warning(s).
Target not created
