11:25:42 **** Incremental Build of configuration Debug for project 6_Multiple_GPIO_Interrupt_EXTI ****
make -j8 all 
arm-none-eabi-gcc "../Src/main.c" -mcpu=cortex-m4 -std=gnu11 -g3 -DUSE_HAL_DRIVER -DSTM32F411xE -c -I"C:/Users/pavan/Documents/STM HAL workspace/6_Multiple_GPIO_Interrupt_EXTI/Drivers/STM32F4xx_HAL_Driver/Inc" -I"C:/Users/pavan/Documents/STM HAL workspace/6_Multiple_GPIO_Interrupt_EXTI/Inc" -I"C:/Users/pavan/Documents/STM HAL workspace/6_Multiple_GPIO_Interrupt_EXTI/Drivers/CMSIS/Include" -I"C:/Users/pavan/Documents/STM HAL workspace/6_Multiple_GPIO_Interrupt_EXTI/Drivers/CMSIS/Device/ST/STM32F4xx/Include" -O0 -ffunction-sections -fdata-sections -Wall -fstack-usage -fcyclomatic-complexity -MMD -MP -MF"Src/main.d" -MT"Src/main.o" --specs=nano.specs -mfpu=fpv4-sp-d16 -mfloat-abi=hard -mthumb -o "Src/main.o"
arm-none-eabi-gcc -o "6_Multiple_GPIO_Interrupt_EXTI.elf" @"objects.list"   -mcpu=cortex-m4 -T"C:\Users\pavan\Documents\STM HAL workspace\6_Multiple_GPIO_Interrupt_EXTI\STM32F411RETX_FLASH.ld" --specs=nosys.specs -Wl,-Map="6_Multiple_GPIO_Interrupt_EXTI.map" -Wl,--gc-sections -static --specs=nano.specs -mfpu=fpv4-sp-d16 -mfloat-abi=hard -mthumb -Wl,--start-group -lc -lm -Wl,--end-group
Finished building target: 6_Multiple_GPIO_Interrupt_EXTI.elf
 
arm-none-eabi-size  6_Multiple_GPIO_Interrupt_EXTI.elf 
arm-none-eabi-objdump -h -S 6_Multiple_GPIO_Interrupt_EXTI.elf  > "6_Multiple_GPIO_Interrupt_EXTI.list"
   text	   data	    bss	    dec	    hex	filename
   1364	     12	   1572	   2948	    b84	6_Multiple_GPIO_Interrupt_EXTI.elf
Finished building: default.size.stdout
 
Finished building: 6_Multiple_GPIO_Interrupt_EXTI.list
 

11:25:43 Build Finished. 0 errors, 0 warnings. (took 771ms)

