13:02:14 **** Incremental Build of configuration Debug for project 16_ADC_DMA ****
make -j8 all 
arm-none-eabi-gcc "../Drivers/STM32L4xx_HAL_Driver/Src/stm32l4xx_hal.c" -mcpu=cortex-m4 -std=gnu11 -g3 -DDEBUG -DUSE_HAL_DRIVER -DSTM32L476xx -c -I../Core/Inc -I../Drivers/STM32L4xx_HAL_Driver/Inc -I../Drivers/STM32L4xx_HAL_Driver/Inc/Legacy -I../Drivers/CMSIS/Device/ST/STM32L4xx/Include -I../Drivers/CMSIS/Include -O0 -ffunction-sections -fdata-sections -Wall -fstack-usage -fcyclomatic-complexity -MMD -MP -MF"Drivers/STM32L4xx_HAL_Driver/Src/stm32l4xx_hal.d" -MT"Drivers/STM32L4xx_HAL_Driver/Src/stm32l4xx_hal.o" --specs=nano.specs -mfpu=fpv4-sp-d16 -mfloat-abi=hard -mthumb -o "Drivers/STM32L4xx_HAL_Driver/Src/stm32l4xx_hal.o"
arm-none-eabi-gcc "../Drivers/STM32L4xx_HAL_Driver/Src/stm32l4xx_hal_adc.c" -mcpu=cortex-m4 -std=gnu11 -g3 -DDEBUG -DUSE_HAL_DRIVER -DSTM32L476xx -c -I../Core/Inc -I../Drivers/STM32L4xx_HAL_Driver/Inc -I../Drivers/STM32L4xx_HAL_Driver/Inc/Legacy -I../Drivers/CMSIS/Device/ST/STM32L4xx/Include -I../Drivers/CMSIS/Include -O0 -ffunction-sections -fdata-sections -Wall -fstack-usage -fcyclomatic-complexity -MMD -MP -MF"Drivers/STM32L4xx_HAL_Driver/Src/stm32l4xx_hal_adc.d" -MT"Drivers/STM32L4xx_HAL_Driver/Src/stm32l4xx_hal_adc.o" --specs=nano.specs -mfpu=fpv4-sp-d16 -mfloat-abi=hard -mthumb -o "Drivers/STM32L4xx_HAL_Driver/Src/stm32l4xx_hal_adc.o"
arm-none-eabi-gcc "../Drivers/STM32L4xx_HAL_Driver/Src/stm32l4xx_hal_adc_ex.c" -mcpu=cortex-m4 -std=gnu11 -g3 -DDEBUG -DUSE_HAL_DRIVER -DSTM32L476xx -c -I../Core/Inc -I../Drivers/STM32L4xx_HAL_Driver/Inc -I../Drivers/STM32L4xx_HAL_Driver/Inc/Legacy -I../Drivers/CMSIS/Device/ST/STM32L4xx/Include -I../Drivers/CMSIS/Include -O0 -ffunction-sections -fdata-sections -Wall -fstack-usage -fcyclomatic-complexity -MMD -MP -MF"Drivers/STM32L4xx_HAL_Driver/Src/stm32l4xx_hal_adc_ex.d" -MT"Drivers/STM32L4xx_HAL_Driver/Src/stm32l4xx_hal_adc_ex.o" --specs=nano.specs -mfpu=fpv4-sp-d16 -mfloat-abi=hard -mthumb -o "Drivers/STM32L4xx_HAL_Driver/Src/stm32l4xx_hal_adc_ex.o"
arm-none-eabi-gcc "../Drivers/STM32L4xx_HAL_Driver/Src/stm32l4xx_hal_cortex.c" -mcpu=cortex-m4 -std=gnu11 -g3 -DDEBUG -DUSE_HAL_DRIVER -DSTM32L476xx -c -I../Core/Inc -I../Drivers/STM32L4xx_HAL_Driver/Inc -I../Drivers/STM32L4xx_HAL_Driver/Inc/Legacy -I../Drivers/CMSIS/Device/ST/STM32L4xx/Include -I../Drivers/CMSIS/Include -O0 -ffunction-sections -fdata-sections -Wall -fstack-usage -fcyclomatic-complexity -MMD -MP -MF"Drivers/STM32L4xx_HAL_Driver/Src/stm32l4xx_hal_cortex.d" -MT"Drivers/STM32L4xx_HAL_Driver/Src/stm32l4xx_hal_cortex.o" --specs=nano.specs -mfpu=fpv4-sp-d16 -mfloat-abi=hard -mthumb -o "Drivers/STM32L4xx_HAL_Driver/Src/stm32l4xx_hal_cortex.o"
arm-none-eabi-gcc "../Drivers/STM32L4xx_HAL_Driver/Src/stm32l4xx_hal_dma.c" -mcpu=cortex-m4 -std=gnu11 -g3 -DDEBUG -DUSE_HAL_DRIVER -DSTM32L476xx -c -I../Core/Inc -I../Drivers/STM32L4xx_HAL_Driver/Inc -I../Drivers/STM32L4xx_HAL_Driver/Inc/Legacy -I../Drivers/CMSIS/Device/ST/STM32L4xx/Include -I../Drivers/CMSIS/Include -O0 -ffunction-sections -fdata-sections -Wall -fstack-usage -fcyclomatic-complexity -MMD -MP -MF"Drivers/STM32L4xx_HAL_Driver/Src/stm32l4xx_hal_dma.d" -MT"Drivers/STM32L4xx_HAL_Driver/Src/stm32l4xx_hal_dma.o" --specs=nano.specs -mfpu=fpv4-sp-d16 -mfloat-abi=hard -mthumb -o "Drivers/STM32L4xx_HAL_Driver/Src/stm32l4xx_hal_dma.o"
arm-none-eabi-gcc "../Drivers/STM32L4xx_HAL_Driver/Src/stm32l4xx_hal_dma_ex.c" -mcpu=cortex-m4 -std=gnu11 -g3 -DDEBUG -DUSE_HAL_DRIVER -DSTM32L476xx -c -I../Core/Inc -I../Drivers/STM32L4xx_HAL_Driver/Inc -I../Drivers/STM32L4xx_HAL_Driver/Inc/Legacy -I../Drivers/CMSIS/Device/ST/STM32L4xx/Include -I../Drivers/CMSIS/Include -O0 -ffunction-sections -fdata-sections -Wall -fstack-usage -fcyclomatic-complexity -MMD -MP -MF"Drivers/STM32L4xx_HAL_Driver/Src/stm32l4xx_hal_dma_ex.d" -MT"Drivers/STM32L4xx_HAL_Driver/Src/stm32l4xx_hal_dma_ex.o" --specs=nano.specs -mfpu=fpv4-sp-d16 -mfloat-abi=hard -mthumb -o "Drivers/STM32L4xx_HAL_Driver/Src/stm32l4xx_hal_dma_ex.o"
arm-none-eabi-gcc "../Drivers/STM32L4xx_HAL_Driver/Src/stm32l4xx_hal_exti.c" -mcpu=cortex-m4 -std=gnu11 -g3 -DDEBUG -DUSE_HAL_DRIVER -DSTM32L476xx -c -I../Core/Inc -I../Drivers/STM32L4xx_HAL_Driver/Inc -I../Drivers/STM32L4xx_HAL_Driver/Inc/Legacy -I../Drivers/CMSIS/Device/ST/STM32L4xx/Include -I../Drivers/CMSIS/Include -O0 -ffunction-sections -fdata-sections -Wall -fstack-usage -fcyclomatic-complexity -MMD -MP -MF"Drivers/STM32L4xx_HAL_Driver/Src/stm32l4xx_hal_exti.d" -MT"Drivers/STM32L4xx_HAL_Driver/Src/stm32l4xx_hal_exti.o" --specs=nano.specs -mfpu=fpv4-sp-d16 -mfloat-abi=hard -mthumb -o "Drivers/STM32L4xx_HAL_Driver/Src/stm32l4xx_hal_exti.o"
arm-none-eabi-gcc "../Drivers/STM32L4xx_HAL_Driver/Src/stm32l4xx_hal_flash.c" -mcpu=cortex-m4 -std=gnu11 -g3 -DDEBUG -DUSE_HAL_DRIVER -DSTM32L476xx -c -I../Core/Inc -I../Drivers/STM32L4xx_HAL_Driver/Inc -I../Drivers/STM32L4xx_HAL_Driver/Inc/Legacy -I../Drivers/CMSIS/Device/ST/STM32L4xx/Include -I../Drivers/CMSIS/Include -O0 -ffunction-sections -fdata-sections -Wall -fstack-usage -fcyclomatic-complexity -MMD -MP -MF"Drivers/STM32L4xx_HAL_Driver/Src/stm32l4xx_hal_flash.d" -MT"Drivers/STM32L4xx_HAL_Driver/Src/stm32l4xx_hal_flash.o" --specs=nano.specs -mfpu=fpv4-sp-d16 -mfloat-abi=hard -mthumb -o "Drivers/STM32L4xx_HAL_Driver/Src/stm32l4xx_hal_flash.o"
In file included from ../Core/Inc/stm32l4xx_hal_conf.h:442,
                 from ../Drivers/STM32L4xx_HAL_Driver/Inc/stm32l4xx_hal.h:29,
                 from ../Drivers/STM32L4xx_HAL_Driver/Src/stm32l4xx_hal_adc.c:295:
../Drivers/STM32L4xx_HAL_Driver/Inc/stm32l4xx_hal_tim.h:1004: warning: "TIM_OCMODE_ASSYMETRIC_PWM1" redefined
 1004 | #define TIM_OCMODE_ASSYMETRIC_PWM1         (TIM_CCMR1_OC1M_3 | TIM_CCMR1_OC1M_1 | TIM_CCMR1_OC1M_2)  /*!< Asymmetric PWM mode 1                  */
      | 
In file included from ../Drivers/STM32L4xx_HAL_Driver/Inc/stm32l4xx_hal_def.h:30,
                 from ../Drivers/STM32L4xx_HAL_Driver/Inc/stm32l4xx_hal_rcc.h:27,
                 from ../Core/Inc/stm32l4xx_hal_conf.h:258:
../Drivers/STM32L4xx_HAL_Driver/Inc/Legacy/stm32_hal_legacy.h:4258: note: this is the location of the previous definition
 4258 | #define TIM_OCMODE_ASSYMETRIC_PWM1      TIM_OCMODE_ASYMMETRIC_PWM1
      | 
../Drivers/STM32L4xx_HAL_Driver/Inc/stm32l4xx_hal_tim.h:1005: warning: "TIM_OCMODE_ASSYMETRIC_PWM2" redefined
 1005 | #define TIM_OCMODE_ASSYMETRIC_PWM2         TIM_CCMR1_OC1M                                            /*!< Asymmetric PWM mode 2                  */
      | 
../Drivers/STM32L4xx_HAL_Driver/Inc/Legacy/stm32_hal_legacy.h:4259: note: this is the location of the previous definition
 4259 | #define TIM_OCMODE_ASSYMETRIC_PWM2      TIM_OCMODE_ASYMMETRIC_PWM2
      | 
In file included from ../Core/Inc/stm32l4xx_hal_conf.h:442,
                 from ../Drivers/STM32L4xx_HAL_Driver/Inc/stm32l4xx_hal.h:29,
                 from ../Drivers/STM32L4xx_HAL_Driver/Src/stm32l4xx_hal_adc_ex.c:33:
../Drivers/STM32L4xx_HAL_Driver/Inc/stm32l4xx_hal_tim.h:1004: warning: "TIM_OCMODE_ASSYMETRIC_PWM1" redefined
 1004 | #define TIM_OCMODE_ASSYMETRIC_PWM1         (TIM_CCMR1_OC1M_3 | TIM_CCMR1_OC1M_1 | TIM_CCMR1_OC1M_2)  /*!< Asymmetric PWM mode 1                  */
      | 
In file included from ../Drivers/STM32L4xx_HAL_Driver/Inc/stm32l4xx_hal_def.h:30,
                 from ../Drivers/STM32L4xx_HAL_Driver/Inc/stm32l4xx_hal_rcc.h:27,
                 from ../Core/Inc/stm32l4xx_hal_conf.h:258:
../Drivers/STM32L4xx_HAL_Driver/Inc/Legacy/stm32_hal_legacy.h:4258: note: this is the location of the previous definition
 4258 | #define TIM_OCMODE_ASSYMETRIC_PWM1      TIM_OCMODE_ASYMMETRIC_PWM1
      | 
../Drivers/STM32L4xx_HAL_Driver/Inc/stm32l4xx_hal_tim.h:1005: warning: "TIM_OCMODE_ASSYMETRIC_PWM2" redefined
 1005 | #define TIM_OCMODE_ASSYMETRIC_PWM2         TIM_CCMR1_OC1M                                            /*!< Asymmetric PWM mode 2                  */
      | 
../Drivers/STM32L4xx_HAL_Driver/Inc/Legacy/stm32_hal_legacy.h:4259: note: this is the location of the previous definition
 4259 | #define TIM_OCMODE_ASSYMETRIC_PWM2      TIM_OCMODE_ASYMMETRIC_PWM2
      | 
In file included from ../Core/Inc/stm32l4xx_hal_conf.h:442,
                 from ../Drivers/STM32L4xx_HAL_Driver/Inc/stm32l4xx_hal.h:29,
                 from ../Drivers/STM32L4xx_HAL_Driver/Src/stm32l4xx_hal_cortex.c:104:
../Drivers/STM32L4xx_HAL_Driver/Inc/stm32l4xx_hal_tim.h:1004: warning: "TIM_OCMODE_ASSYMETRIC_PWM1" redefined
 1004 | #define TIM_OCMODE_ASSYMETRIC_PWM1         (TIM_CCMR1_OC1M_3 | TIM_CCMR1_OC1M_1 | TIM_CCMR1_OC1M_2)  /*!< Asymmetric PWM mode 1                  */
      | 
In file included from ../Drivers/STM32L4xx_HAL_Driver/Inc/stm32l4xx_hal_def.h:30,
                 from ../Drivers/STM32L4xx_HAL_Driver/Inc/stm32l4xx_hal_rcc.h:27,
                 from ../Core/Inc/stm32l4xx_hal_conf.h:258:
../Drivers/STM32L4xx_HAL_Driver/Inc/Legacy/stm32_hal_legacy.h:4258: note: this is the location of the previous definition
 4258 | #define TIM_OCMODE_ASSYMETRIC_PWM1      TIM_OCMODE_ASYMMETRIC_PWM1
      | 
../Drivers/STM32L4xx_HAL_Driver/Inc/stm32l4xx_hal_tim.h:1005: warning: "TIM_OCMODE_ASSYMETRIC_PWM2" redefined
 1005 | #define TIM_OCMODE_ASSYMETRIC_PWM2         TIM_CCMR1_OC1M                                            /*!< Asymmetric PWM mode 2                  */
      | 
../Drivers/STM32L4xx_HAL_Driver/Inc/Legacy/stm32_hal_legacy.h:4259: note: this is the location of the previous definition
 4259 | #define TIM_OCMODE_ASSYMETRIC_PWM2      TIM_OCMODE_ASYMMETRIC_PWM2
      | 
In file included from ../Core/Inc/stm32l4xx_hal_conf.h:442,
                 from ../Drivers/STM32L4xx_HAL_Driver/Inc/stm32l4xx_hal.h:29,
                 from ../Drivers/STM32L4xx_HAL_Driver/Src/stm32l4xx_hal.c:36:
../Drivers/STM32L4xx_HAL_Driver/Inc/stm32l4xx_hal_tim.h:1004: warning: "TIM_OCMODE_ASSYMETRIC_PWM1" redefined
 1004 | #define TIM_OCMODE_ASSYMETRIC_PWM1         (TIM_CCMR1_OC1M_3 | TIM_CCMR1_OC1M_1 | TIM_CCMR1_OC1M_2)  /*!< Asymmetric PWM mode 1                  */
      | 
In file included from ../Core/Inc/stm32l4xx_hal_conf.h:442,
                 from ../Drivers/STM32L4xx_HAL_Driver/Inc/stm32l4xx_hal.h:29,
                 from ../Drivers/STM32L4xx_HAL_Driver/Src/stm32l4xx_hal_dma_ex.c:50:
../Drivers/STM32L4xx_HAL_Driver/Inc/stm32l4xx_hal_tim.h:1004: warning: "TIM_OCMODE_ASSYMETRIC_PWM1" redefined
 1004 | #define TIM_OCMODE_ASSYMETRIC_PWM1         (TIM_CCMR1_OC1M_3 | TIM_CCMR1_OC1M_1 | TIM_CCMR1_OC1M_2)  /*!< Asymmetric PWM mode 1                  */
      | 
In file included from ../Drivers/STM32L4xx_HAL_Driver/Inc/stm32l4xx_hal_def.h:30,
                 from ../Drivers/STM32L4xx_HAL_Driver/Inc/stm32l4xx_hal_rcc.h:27,
                 from ../Core/Inc/stm32l4xx_hal_conf.h:258:
../Drivers/STM32L4xx_HAL_Driver/Inc/Legacy/stm32_hal_legacy.h:4258: note: this is the location of the previous definition
 4258 | #define TIM_OCMODE_ASSYMETRIC_PWM1      TIM_OCMODE_ASYMMETRIC_PWM1
      | 
../Drivers/STM32L4xx_HAL_Driver/Inc/stm32l4xx_hal_tim.h:1005: warning: "TIM_OCMODE_ASSYMETRIC_PWM2" redefined
 1005 | #define TIM_OCMODE_ASSYMETRIC_PWM2         TIM_CCMR1_OC1M                                            /*!< Asymmetric PWM mode 2                  */
      | 
../Drivers/STM32L4xx_HAL_Driver/Inc/Legacy/stm32_hal_legacy.h:4259: note: this is the location of the previous definition
 4259 | #define TIM_OCMODE_ASSYMETRIC_PWM2      TIM_OCMODE_ASYMMETRIC_PWM2
      | 
In file included from ../Drivers/STM32L4xx_HAL_Driver/Inc/stm32l4xx_hal_def.h:30,
                 from ../Drivers/STM32L4xx_HAL_Driver/Inc/stm32l4xx_hal_rcc.h:27,
                 from ../Core/Inc/stm32l4xx_hal_conf.h:258:
../Drivers/STM32L4xx_HAL_Driver/Inc/Legacy/stm32_hal_legacy.h:4258: note: this is the location of the previous definition
 4258 | #define TIM_OCMODE_ASSYMETRIC_PWM1      TIM_OCMODE_ASYMMETRIC_PWM1
      | 
../Drivers/STM32L4xx_HAL_Driver/Inc/stm32l4xx_hal_tim.h:1005: warning: "TIM_OCMODE_ASSYMETRIC_PWM2" redefined
 1005 | #define TIM_OCMODE_ASSYMETRIC_PWM2         TIM_CCMR1_OC1M                                            /*!< Asymmetric PWM mode 2                  */
      | 
../Drivers/STM32L4xx_HAL_Driver/Inc/Legacy/stm32_hal_legacy.h:4259: note: this is the location of the previous definition
 4259 | #define TIM_OCMODE_ASSYMETRIC_PWM2      TIM_OCMODE_ASYMMETRIC_PWM2
      | 
In file included from ../Core/Inc/stm32l4xx_hal_conf.h:442,
                 from ../Drivers/STM32L4xx_HAL_Driver/Inc/stm32l4xx_hal.h:29,
                 from ../Drivers/STM32L4xx_HAL_Driver/Src/stm32l4xx_hal_exti.c:86:
../Drivers/STM32L4xx_HAL_Driver/Inc/stm32l4xx_hal_tim.h:1004: warning: "TIM_OCMODE_ASSYMETRIC_PWM1" redefined
 1004 | #define TIM_OCMODE_ASSYMETRIC_PWM1         (TIM_CCMR1_OC1M_3 | TIM_CCMR1_OC1M_1 | TIM_CCMR1_OC1M_2)  /*!< Asymmetric PWM mode 1                  */
      | 
In file included from ../Drivers/STM32L4xx_HAL_Driver/Inc/stm32l4xx_hal_def.h:30,
                 from ../Drivers/STM32L4xx_HAL_Driver/Inc/stm32l4xx_hal_rcc.h:27,
                 from ../Core/Inc/stm32l4xx_hal_conf.h:258:
../Drivers/STM32L4xx_HAL_Driver/Inc/Legacy/stm32_hal_legacy.h:4258: note: this is the location of the previous definition
 4258 | #define TIM_OCMODE_ASSYMETRIC_PWM1      TIM_OCMODE_ASYMMETRIC_PWM1
      | 
../Drivers/STM32L4xx_HAL_Driver/Inc/stm32l4xx_hal_tim.h:1005: warning: "TIM_OCMODE_ASSYMETRIC_PWM2" redefined
 1005 | #define TIM_OCMODE_ASSYMETRIC_PWM2         TIM_CCMR1_OC1M                                            /*!< Asymmetric PWM mode 2                  */
      | 
../Drivers/STM32L4xx_HAL_Driver/Inc/Legacy/stm32_hal_legacy.h:4259: note: this is the location of the previous definition
 4259 | #define TIM_OCMODE_ASSYMETRIC_PWM2      TIM_OCMODE_ASYMMETRIC_PWM2
      | 
In file included from ../Core/Inc/stm32l4xx_hal_conf.h:442,
                 from ../Drivers/STM32L4xx_HAL_Driver/Inc/stm32l4xx_hal.h:29,
                 from ../Drivers/STM32L4xx_HAL_Driver/Src/stm32l4xx_hal_dma.c:91:
../Drivers/STM32L4xx_HAL_Driver/Inc/stm32l4xx_hal_tim.h:1004: warning: "TIM_OCMODE_ASSYMETRIC_PWM1" redefined
 1004 | #define TIM_OCMODE_ASSYMETRIC_PWM1         (TIM_CCMR1_OC1M_3 | TIM_CCMR1_OC1M_1 | TIM_CCMR1_OC1M_2)  /*!< Asymmetric PWM mode 1                  */
      | 
In file included from ../Drivers/STM32L4xx_HAL_Driver/Inc/stm32l4xx_hal_def.h:30,
                 from ../Drivers/STM32L4xx_HAL_Driver/Inc/stm32l4xx_hal_rcc.h:27,
                 from ../Core/Inc/stm32l4xx_hal_conf.h:258:
../Drivers/STM32L4xx_HAL_Driver/Inc/Legacy/stm32_hal_legacy.h:4258: note: this is the location of the previous definition
 4258 | #define TIM_OCMODE_ASSYMETRIC_PWM1      TIM_OCMODE_ASYMMETRIC_PWM1
      | 
../Drivers/STM32L4xx_HAL_Driver/Inc/stm32l4xx_hal_tim.h:1005: warning: "TIM_OCMODE_ASSYMETRIC_PWM2" redefined
 1005 | #define TIM_OCMODE_ASSYMETRIC_PWM2         TIM_CCMR1_OC1M                                            /*!< Asymmetric PWM mode 2                  */
      | 
../Drivers/STM32L4xx_HAL_Driver/Inc/Legacy/stm32_hal_legacy.h:4259: note: this is the location of the previous definition
 4259 | #define TIM_OCMODE_ASSYMETRIC_PWM2      TIM_OCMODE_ASYMMETRIC_PWM2
      | 
In file included from ../Core/Inc/stm32l4xx_hal_conf.h:442,
                 from ../Drivers/STM32L4xx_HAL_Driver/Inc/stm32l4xx_hal.h:29,
                 from ../Drivers/STM32L4xx_HAL_Driver/Src/stm32l4xx_hal_flash.c:88:
../Drivers/STM32L4xx_HAL_Driver/Inc/stm32l4xx_hal_tim.h:1004: warning: "TIM_OCMODE_ASSYMETRIC_PWM1" redefined
 1004 | #define TIM_OCMODE_ASSYMETRIC_PWM1         (TIM_CCMR1_OC1M_3 | TIM_CCMR1_OC1M_1 | TIM_CCMR1_OC1M_2)  /*!< Asymmetric PWM mode 1                  */
      | 
In file included from ../Drivers/STM32L4xx_HAL_Driver/Inc/stm32l4xx_hal_def.h:30,
                 from ../Drivers/STM32L4xx_HAL_Driver/Inc/stm32l4xx_hal_rcc.h:27,
                 from ../Core/Inc/stm32l4xx_hal_conf.h:258:
../Drivers/STM32L4xx_HAL_Driver/Inc/Legacy/stm32_hal_legacy.h:4258: note: this is the location of the previous definition
 4258 | #define TIM_OCMODE_ASSYMETRIC_PWM1      TIM_OCMODE_ASYMMETRIC_PWM1
      | 
../Drivers/STM32L4xx_HAL_Driver/Inc/stm32l4xx_hal_tim.h:1005: warning: "TIM_OCMODE_ASSYMETRIC_PWM2" redefined
 1005 | #define TIM_OCMODE_ASSYMETRIC_PWM2         TIM_CCMR1_OC1M                                            /*!< Asymmetric PWM mode 2                  */
      | 
../Drivers/STM32L4xx_HAL_Driver/Inc/Legacy/stm32_hal_legacy.h:4259: note: this is the location of the previous definition
 4259 | #define TIM_OCMODE_ASSYMETRIC_PWM2      TIM_OCMODE_ASYMMETRIC_PWM2
      | 
arm-none-eabi-gcc "../Drivers/STM32L4xx_HAL_Driver/Src/stm32l4xx_hal_flash_ex.c" -mcpu=cortex-m4 -std=gnu11 -g3 -DDEBUG -DUSE_HAL_DRIVER -DSTM32L476xx -c -I../Core/Inc -I../Drivers/STM32L4xx_HAL_Driver/Inc -I../Drivers/STM32L4xx_HAL_Driver/Inc/Legacy -I../Drivers/CMSIS/Device/ST/STM32L4xx/Include -I../Drivers/CMSIS/Include -O0 -ffunction-sections -fdata-sections -Wall -fstack-usage -fcyclomatic-complexity -MMD -MP -MF"Drivers/STM32L4xx_HAL_Driver/Src/stm32l4xx_hal_flash_ex.d" -MT"Drivers/STM32L4xx_HAL_Driver/Src/stm32l4xx_hal_flash_ex.o" --specs=nano.specs -mfpu=fpv4-sp-d16 -mfloat-abi=hard -mthumb -o "Drivers/STM32L4xx_HAL_Driver/Src/stm32l4xx_hal_flash_ex.o"
arm-none-eabi-gcc "../Drivers/STM32L4xx_HAL_Driver/Src/stm32l4xx_hal_flash_ramfunc.c" -mcpu=cortex-m4 -std=gnu11 -g3 -DDEBUG -DUSE_HAL_DRIVER -DSTM32L476xx -c -I../Core/Inc -I../Drivers/STM32L4xx_HAL_Driver/Inc -I../Drivers/STM32L4xx_HAL_Driver/Inc/Legacy -I../Drivers/CMSIS/Device/ST/STM32L4xx/Include -I../Drivers/CMSIS/Include -O0 -ffunction-sections -fdata-sections -Wall -fstack-usage -fcyclomatic-complexity -MMD -MP -MF"Drivers/STM32L4xx_HAL_Driver/Src/stm32l4xx_hal_flash_ramfunc.d" -MT"Drivers/STM32L4xx_HAL_Driver/Src/stm32l4xx_hal_flash_ramfunc.o" --specs=nano.specs -mfpu=fpv4-sp-d16 -mfloat-abi=hard -mthumb -o "Drivers/STM32L4xx_HAL_Driver/Src/stm32l4xx_hal_flash_ramfunc.o"
arm-none-eabi-gcc "../Drivers/STM32L4xx_HAL_Driver/Src/stm32l4xx_hal_gpio.c" -mcpu=cortex-m4 -std=gnu11 -g3 -DDEBUG -DUSE_HAL_DRIVER -DSTM32L476xx -c -I../Core/Inc -I../Drivers/STM32L4xx_HAL_Driver/Inc -I../Drivers/STM32L4xx_HAL_Driver/Inc/Legacy -I../Drivers/CMSIS/Device/ST/STM32L4xx/Include -I../Drivers/CMSIS/Include -O0 -ffunction-sections -fdata-sections -Wall -fstack-usage -fcyclomatic-complexity -MMD -MP -MF"Drivers/STM32L4xx_HAL_Driver/Src/stm32l4xx_hal_gpio.d" -MT"Drivers/STM32L4xx_HAL_Driver/Src/stm32l4xx_hal_gpio.o" --specs=nano.specs -mfpu=fpv4-sp-d16 -mfloat-abi=hard -mthumb -o "Drivers/STM32L4xx_HAL_Driver/Src/stm32l4xx_hal_gpio.o"
arm-none-eabi-gcc "../Drivers/STM32L4xx_HAL_Driver/Src/stm32l4xx_hal_i2c.c" -mcpu=cortex-m4 -std=gnu11 -g3 -DDEBUG -DUSE_HAL_DRIVER -DSTM32L476xx -c -I../Core/Inc -I../Drivers/STM32L4xx_HAL_Driver/Inc -I../Drivers/STM32L4xx_HAL_Driver/Inc/Legacy -I../Drivers/CMSIS/Device/ST/STM32L4xx/Include -I../Drivers/CMSIS/Include -O0 -ffunction-sections -fdata-sections -Wall -fstack-usage -fcyclomatic-complexity -MMD -MP -MF"Drivers/STM32L4xx_HAL_Driver/Src/stm32l4xx_hal_i2c.d" -MT"Drivers/STM32L4xx_HAL_Driver/Src/stm32l4xx_hal_i2c.o" --specs=nano.specs -mfpu=fpv4-sp-d16 -mfloat-abi=hard -mthumb -o "Drivers/STM32L4xx_HAL_Driver/Src/stm32l4xx_hal_i2c.o"
arm-none-eabi-gcc "../Drivers/STM32L4xx_HAL_Driver/Src/stm32l4xx_hal_i2c_ex.c" -mcpu=cortex-m4 -std=gnu11 -g3 -DDEBUG -DUSE_HAL_DRIVER -DSTM32L476xx -c -I../Core/Inc -I../Drivers/STM32L4xx_HAL_Driver/Inc -I../Drivers/STM32L4xx_HAL_Driver/Inc/Legacy -I../Drivers/CMSIS/Device/ST/STM32L4xx/Include -I../Drivers/CMSIS/Include -O0 -ffunction-sections -fdata-sections -Wall -fstack-usage -fcyclomatic-complexity -MMD -MP -MF"Drivers/STM32L4xx_HAL_Driver/Src/stm32l4xx_hal_i2c_ex.d" -MT"Drivers/STM32L4xx_HAL_Driver/Src/stm32l4xx_hal_i2c_ex.o" --specs=nano.specs -mfpu=fpv4-sp-d16 -mfloat-abi=hard -mthumb -o "Drivers/STM32L4xx_HAL_Driver/Src/stm32l4xx_hal_i2c_ex.o"
arm-none-eabi-gcc "../Drivers/STM32L4xx_HAL_Driver/Src/stm32l4xx_hal_pwr.c" -mcpu=cortex-m4 -std=gnu11 -g3 -DDEBUG -DUSE_HAL_DRIVER -DSTM32L476xx -c -I../Core/Inc -I../Drivers/STM32L4xx_HAL_Driver/Inc -I../Drivers/STM32L4xx_HAL_Driver/Inc/Legacy -I../Drivers/CMSIS/Device/ST/STM32L4xx/Include -I../Drivers/CMSIS/Include -O0 -ffunction-sections -fdata-sections -Wall -fstack-usage -fcyclomatic-complexity -MMD -MP -MF"Drivers/STM32L4xx_HAL_Driver/Src/stm32l4xx_hal_pwr.d" -MT"Drivers/STM32L4xx_HAL_Driver/Src/stm32l4xx_hal_pwr.o" --specs=nano.specs -mfpu=fpv4-sp-d16 -mfloat-abi=hard -mthumb -o "Drivers/STM32L4xx_HAL_Driver/Src/stm32l4xx_hal_pwr.o"
arm-none-eabi-gcc "../Drivers/STM32L4xx_HAL_Driver/Src/stm32l4xx_hal_pwr_ex.c" -mcpu=cortex-m4 -std=gnu11 -g3 -DDEBUG -DUSE_HAL_DRIVER -DSTM32L476xx -c -I../Core/Inc -I../Drivers/STM32L4xx_HAL_Driver/Inc -I../Drivers/STM32L4xx_HAL_Driver/Inc/Legacy -I../Drivers/CMSIS/Device/ST/STM32L4xx/Include -I../Drivers/CMSIS/Include -O0 -ffunction-sections -fdata-sections -Wall -fstack-usage -fcyclomatic-complexity -MMD -MP -MF"Drivers/STM32L4xx_HAL_Driver/Src/stm32l4xx_hal_pwr_ex.d" -MT"Drivers/STM32L4xx_HAL_Driver/Src/stm32l4xx_hal_pwr_ex.o" --specs=nano.specs -mfpu=fpv4-sp-d16 -mfloat-abi=hard -mthumb -o "Drivers/STM32L4xx_HAL_Driver/Src/stm32l4xx_hal_pwr_ex.o"
arm-none-eabi-gcc "../Drivers/STM32L4xx_HAL_Driver/Src/stm32l4xx_hal_rcc.c" -mcpu=cortex-m4 -std=gnu11 -g3 -DDEBUG -DUSE_HAL_DRIVER -DSTM32L476xx -c -I../Core/Inc -I../Drivers/STM32L4xx_HAL_Driver/Inc -I../Drivers/STM32L4xx_HAL_Driver/Inc/Legacy -I../Drivers/CMSIS/Device/ST/STM32L4xx/Include -I../Drivers/CMSIS/Include -O0 -ffunction-sections -fdata-sections -Wall -fstack-usage -fcyclomatic-complexity -MMD -MP -MF"Drivers/STM32L4xx_HAL_Driver/Src/stm32l4xx_hal_rcc.d" -MT"Drivers/STM32L4xx_HAL_Driver/Src/stm32l4xx_hal_rcc.o" --specs=nano.specs -mfpu=fpv4-sp-d16 -mfloat-abi=hard -mthumb -o "Drivers/STM32L4xx_HAL_Driver/Src/stm32l4xx_hal_rcc.o"
In file included from ../Core/Inc/stm32l4xx_hal_conf.h:442,
                 from ../Drivers/STM32L4xx_HAL_Driver/Inc/stm32l4xx_hal.h:29,
                 from ../Drivers/STM32L4xx_HAL_Driver/Src/stm32l4xx_hal_flash_ex.c:61:
../Drivers/STM32L4xx_HAL_Driver/Inc/stm32l4xx_hal_tim.h:1004: warning: "TIM_OCMODE_ASSYMETRIC_PWM1" redefined
 1004 | #define TIM_OCMODE_ASSYMETRIC_PWM1         (TIM_CCMR1_OC1M_3 | TIM_CCMR1_OC1M_1 | TIM_CCMR1_OC1M_2)  /*!< Asymmetric PWM mode 1                  */
      | 
In file included from ../Drivers/STM32L4xx_HAL_Driver/Inc/stm32l4xx_hal_def.h:30,
                 from ../Drivers/STM32L4xx_HAL_Driver/Inc/stm32l4xx_hal_rcc.h:27,
                 from ../Core/Inc/stm32l4xx_hal_conf.h:258:
../Drivers/STM32L4xx_HAL_Driver/Inc/Legacy/stm32_hal_legacy.h:4258: note: this is the location of the previous definition
 4258 | #define TIM_OCMODE_ASSYMETRIC_PWM1      TIM_OCMODE_ASYMMETRIC_PWM1
      | 
../Drivers/STM32L4xx_HAL_Driver/Inc/stm32l4xx_hal_tim.h:1005: warning: "TIM_OCMODE_ASSYMETRIC_PWM2" redefined
 1005 | #define TIM_OCMODE_ASSYMETRIC_PWM2         TIM_CCMR1_OC1M                                            /*!< Asymmetric PWM mode 2                  */
      | 
../Drivers/STM32L4xx_HAL_Driver/Inc/Legacy/stm32_hal_legacy.h:4259: note: this is the location of the previous definition
 4259 | #define TIM_OCMODE_ASSYMETRIC_PWM2      TIM_OCMODE_ASYMMETRIC_PWM2
      | 
In file included from ../Core/Inc/stm32l4xx_hal_conf.h:442,
                 from ../Drivers/STM32L4xx_HAL_Driver/Inc/stm32l4xx_hal.h:29,
                 from ../Drivers/STM32L4xx_HAL_Driver/Src/stm32l4xx_hal_gpio.c:106:
../Drivers/STM32L4xx_HAL_Driver/Inc/stm32l4xx_hal_tim.h:1004: warning: "TIM_OCMODE_ASSYMETRIC_PWM1" redefined
 1004 | #define TIM_OCMODE_ASSYMETRIC_PWM1         (TIM_CCMR1_OC1M_3 | TIM_CCMR1_OC1M_1 | TIM_CCMR1_OC1M_2)  /*!< Asymmetric PWM mode 1                  */
      | 
In file included from ../Core/Inc/stm32l4xx_hal_conf.h:442,
                 from ../Drivers/STM32L4xx_HAL_Driver/Inc/stm32l4xx_hal.h:29,
                 from ../Drivers/STM32L4xx_HAL_Driver/Src/stm32l4xx_hal_flash_ramfunc.c:48:
../Drivers/STM32L4xx_HAL_Driver/Inc/stm32l4xx_hal_tim.h:1004: warning: "TIM_OCMODE_ASSYMETRIC_PWM1" redefined
 1004 | #define TIM_OCMODE_ASSYMETRIC_PWM1         (TIM_CCMR1_OC1M_3 | TIM_CCMR1_OC1M_1 | TIM_CCMR1_OC1M_2)  /*!< Asymmetric PWM mode 1                  */
      | 
In file included from ../Drivers/STM32L4xx_HAL_Driver/Inc/stm32l4xx_hal_def.h:30,
                 from ../Drivers/STM32L4xx_HAL_Driver/Inc/stm32l4xx_hal_rcc.h:27,
                 from ../Core/Inc/stm32l4xx_hal_conf.h:258:
../Drivers/STM32L4xx_HAL_Driver/Inc/Legacy/stm32_hal_legacy.h:4258: note: this is the location of the previous definition
 4258 | #define TIM_OCMODE_ASSYMETRIC_PWM1      TIM_OCMODE_ASYMMETRIC_PWM1
      | 
../Drivers/STM32L4xx_HAL_Driver/Inc/stm32l4xx_hal_tim.h:1005: warning: "TIM_OCMODE_ASSYMETRIC_PWM2" redefined
 1005 | #define TIM_OCMODE_ASSYMETRIC_PWM2         TIM_CCMR1_OC1M                                            /*!< Asymmetric PWM mode 2                  */
      | 
../Drivers/STM32L4xx_HAL_Driver/Inc/Legacy/stm32_hal_legacy.h:4259: note: this is the location of the previous definition
 4259 | #define TIM_OCMODE_ASSYMETRIC_PWM2      TIM_OCMODE_ASYMMETRIC_PWM2
      | 
In file included from ../Drivers/STM32L4xx_HAL_Driver/Inc/stm32l4xx_hal_def.h:30,
                 from ../Drivers/STM32L4xx_HAL_Driver/Inc/stm32l4xx_hal_rcc.h:27,
                 from ../Core/Inc/stm32l4xx_hal_conf.h:258:
../Drivers/STM32L4xx_HAL_Driver/Inc/Legacy/stm32_hal_legacy.h:4258: note: this is the location of the previous definition
 4258 | #define TIM_OCMODE_ASSYMETRIC_PWM1      TIM_OCMODE_ASYMMETRIC_PWM1
      | 
../Drivers/STM32L4xx_HAL_Driver/Inc/stm32l4xx_hal_tim.h:1005: warning: "TIM_OCMODE_ASSYMETRIC_PWM2" redefined
 1005 | #define TIM_OCMODE_ASSYMETRIC_PWM2         TIM_CCMR1_OC1M                                            /*!< Asymmetric PWM mode 2                  */
      | 
../Drivers/STM32L4xx_HAL_Driver/Inc/Legacy/stm32_hal_legacy.h:4259: note: this is the location of the previous definition
 4259 | #define TIM_OCMODE_ASSYMETRIC_PWM2      TIM_OCMODE_ASYMMETRIC_PWM2
      | 
In file included from ../Core/Inc/stm32l4xx_hal_conf.h:442,
                 from ../Drivers/STM32L4xx_HAL_Driver/Inc/stm32l4xx_hal.h:29,
                 from ../Drivers/STM32L4xx_HAL_Driver/Src/stm32l4xx_hal_i2c.c:323:
../Drivers/STM32L4xx_HAL_Driver/Inc/stm32l4xx_hal_tim.h:1004: warning: "TIM_OCMODE_ASSYMETRIC_PWM1" redefined
 1004 | #define TIM_OCMODE_ASSYMETRIC_PWM1         (TIM_CCMR1_OC1M_3 | TIM_CCMR1_OC1M_1 | TIM_CCMR1_OC1M_2)  /*!< Asymmetric PWM mode 1                  */
      | 
In file included from ../Drivers/STM32L4xx_HAL_Driver/Inc/stm32l4xx_hal_def.h:30,
                 from ../Drivers/STM32L4xx_HAL_Driver/Inc/stm32l4xx_hal_rcc.h:27,
                 from ../Core/Inc/stm32l4xx_hal_conf.h:258:
../Drivers/STM32L4xx_HAL_Driver/Inc/Legacy/stm32_hal_legacy.h:4258: note: this is the location of the previous definition
 4258 | #define TIM_OCMODE_ASSYMETRIC_PWM1      TIM_OCMODE_ASYMMETRIC_PWM1
      | 
../Drivers/STM32L4xx_HAL_Driver/Inc/stm32l4xx_hal_tim.h:1005: warning: "TIM_OCMODE_ASSYMETRIC_PWM2" redefined
 1005 | #define TIM_OCMODE_ASSYMETRIC_PWM2         TIM_CCMR1_OC1M                                            /*!< Asymmetric PWM mode 2                  */
      | 
../Drivers/STM32L4xx_HAL_Driver/Inc/Legacy/stm32_hal_legacy.h:4259: note: this is the location of the previous definition
 4259 | #define TIM_OCMODE_ASSYMETRIC_PWM2      TIM_OCMODE_ASYMMETRIC_PWM2
      | 
In file included from ../Core/Inc/stm32l4xx_hal_conf.h:442,
                 from ../Drivers/STM32L4xx_HAL_Driver/Inc/stm32l4xx_hal.h:29,
                 from ../Drivers/STM32L4xx_HAL_Driver/Src/stm32l4xx_hal_pwr.c:25:
../Drivers/STM32L4xx_HAL_Driver/Inc/stm32l4xx_hal_tim.h:1004: warning: "TIM_OCMODE_ASSYMETRIC_PWM1" redefined
 1004 | #define TIM_OCMODE_ASSYMETRIC_PWM1         (TIM_CCMR1_OC1M_3 | TIM_CCMR1_OC1M_1 | TIM_CCMR1_OC1M_2)  /*!< Asymmetric PWM mode 1                  */
      | 
In file included from ../Drivers/STM32L4xx_HAL_Driver/Inc/stm32l4xx_hal_def.h:30,
                 from ../Drivers/STM32L4xx_HAL_Driver/Inc/stm32l4xx_hal_rcc.h:27,
                 from ../Core/Inc/stm32l4xx_hal_conf.h:258:
../Drivers/STM32L4xx_HAL_Driver/Inc/Legacy/stm32_hal_legacy.h:4258: note: this is the location of the previous definition
 4258 | #define TIM_OCMODE_ASSYMETRIC_PWM1      TIM_OCMODE_ASYMMETRIC_PWM1
      | 
../Drivers/STM32L4xx_HAL_Driver/Inc/stm32l4xx_hal_tim.h:1005: warning: "TIM_OCMODE_ASSYMETRIC_PWM2" redefined
 1005 | #define TIM_OCMODE_ASSYMETRIC_PWM2         TIM_CCMR1_OC1M                                            /*!< Asymmetric PWM mode 2                  */
      | 
../Drivers/STM32L4xx_HAL_Driver/Inc/Legacy/stm32_hal_legacy.h:4259: note: this is the location of the previous definition
 4259 | #define TIM_OCMODE_ASSYMETRIC_PWM2      TIM_OCMODE_ASYMMETRIC_PWM2
      | 
In file included from ../Core/Inc/stm32l4xx_hal_conf.h:442,
                 from ../Drivers/STM32L4xx_HAL_Driver/Inc/stm32l4xx_hal.h:29,
                 from ../Drivers/STM32L4xx_HAL_Driver/Src/stm32l4xx_hal_i2c_ex.c:51:
../Drivers/STM32L4xx_HAL_Driver/Inc/stm32l4xx_hal_tim.h:1004: warning: "TIM_OCMODE_ASSYMETRIC_PWM1" redefined
 1004 | #define TIM_OCMODE_ASSYMETRIC_PWM1         (TIM_CCMR1_OC1M_3 | TIM_CCMR1_OC1M_1 | TIM_CCMR1_OC1M_2)  /*!< Asymmetric PWM mode 1                  */
      | 
In file included from ../Drivers/STM32L4xx_HAL_Driver/Inc/stm32l4xx_hal_def.h:30,
                 from ../Drivers/STM32L4xx_HAL_Driver/Inc/stm32l4xx_hal_rcc.h:27,
                 from ../Core/Inc/stm32l4xx_hal_conf.h:258:
../Drivers/STM32L4xx_HAL_Driver/Inc/Legacy/stm32_hal_legacy.h:4258: note: this is the location of the previous definition
 4258 | #define TIM_OCMODE_ASSYMETRIC_PWM1      TIM_OCMODE_ASYMMETRIC_PWM1
      | 
../Drivers/STM32L4xx_HAL_Driver/Inc/stm32l4xx_hal_tim.h:1005: warning: "TIM_OCMODE_ASSYMETRIC_PWM2" redefined
 1005 | #define TIM_OCMODE_ASSYMETRIC_PWM2         TIM_CCMR1_OC1M                                            /*!< Asymmetric PWM mode 2                  */
      | 
../Drivers/STM32L4xx_HAL_Driver/Inc/Legacy/stm32_hal_legacy.h:4259: note: this is the location of the previous definition
 4259 | #define TIM_OCMODE_ASSYMETRIC_PWM2      TIM_OCMODE_ASYMMETRIC_PWM2
      | 
In file included from ../Core/Inc/stm32l4xx_hal_conf.h:442,
                 from ../Drivers/STM32L4xx_HAL_Driver/Inc/stm32l4xx_hal.h:29,
                 from ../Drivers/STM32L4xx_HAL_Driver/Src/stm32l4xx_hal_pwr_ex.c:25:
../Drivers/STM32L4xx_HAL_Driver/Inc/stm32l4xx_hal_tim.h:1004: warning: "TIM_OCMODE_ASSYMETRIC_PWM1" redefined
 1004 | #define TIM_OCMODE_ASSYMETRIC_PWM1         (TIM_CCMR1_OC1M_3 | TIM_CCMR1_OC1M_1 | TIM_CCMR1_OC1M_2)  /*!< Asymmetric PWM mode 1                  */
      | 
In file included from ../Drivers/STM32L4xx_HAL_Driver/Inc/stm32l4xx_hal_def.h:30,
                 from ../Drivers/STM32L4xx_HAL_Driver/Inc/stm32l4xx_hal_rcc.h:27,
                 from ../Core/Inc/stm32l4xx_hal_conf.h:258:
../Drivers/STM32L4xx_HAL_Driver/Inc/Legacy/stm32_hal_legacy.h:4258: note: this is the location of the previous definition
 4258 | #define TIM_OCMODE_ASSYMETRIC_PWM1      TIM_OCMODE_ASYMMETRIC_PWM1
      | 
../Drivers/STM32L4xx_HAL_Driver/Inc/stm32l4xx_hal_tim.h:1005: warning: "TIM_OCMODE_ASSYMETRIC_PWM2" redefined
 1005 | #define TIM_OCMODE_ASSYMETRIC_PWM2         TIM_CCMR1_OC1M                                            /*!< Asymmetric PWM mode 2                  */
      | 
../Drivers/STM32L4xx_HAL_Driver/Inc/Legacy/stm32_hal_legacy.h:4259: note: this is the location of the previous definition
 4259 | #define TIM_OCMODE_ASSYMETRIC_PWM2      TIM_OCMODE_ASYMMETRIC_PWM2
      | 
In file included from ../Core/Inc/stm32l4xx_hal_conf.h:442,
                 from ../Drivers/STM32L4xx_HAL_Driver/Inc/stm32l4xx_hal.h:29,
                 from ../Drivers/STM32L4xx_HAL_Driver/Src/stm32l4xx_hal_rcc.c:51:
../Drivers/STM32L4xx_HAL_Driver/Inc/stm32l4xx_hal_tim.h:1004: warning: "TIM_OCMODE_ASSYMETRIC_PWM1" redefined
 1004 | #define TIM_OCMODE_ASSYMETRIC_PWM1         (TIM_CCMR1_OC1M_3 | TIM_CCMR1_OC1M_1 | TIM_CCMR1_OC1M_2)  /*!< Asymmetric PWM mode 1                  */
      | 
In file included from ../Drivers/STM32L4xx_HAL_Driver/Inc/stm32l4xx_hal_def.h:30,
                 from ../Drivers/STM32L4xx_HAL_Driver/Inc/stm32l4xx_hal_rcc.h:27,
                 from ../Core/Inc/stm32l4xx_hal_conf.h:258:
../Drivers/STM32L4xx_HAL_Driver/Inc/Legacy/stm32_hal_legacy.h:4258: note: this is the location of the previous definition
 4258 | #define TIM_OCMODE_ASSYMETRIC_PWM1      TIM_OCMODE_ASYMMETRIC_PWM1
      | 
../Drivers/STM32L4xx_HAL_Driver/Inc/stm32l4xx_hal_tim.h:1005: warning: "TIM_OCMODE_ASSYMETRIC_PWM2" redefined
 1005 | #define TIM_OCMODE_ASSYMETRIC_PWM2         TIM_CCMR1_OC1M                                            /*!< Asymmetric PWM mode 2                  */
      | 
../Drivers/STM32L4xx_HAL_Driver/Inc/Legacy/stm32_hal_legacy.h:4259: note: this is the location of the previous definition
 4259 | #define TIM_OCMODE_ASSYMETRIC_PWM2      TIM_OCMODE_ASYMMETRIC_PWM2
      | 
arm-none-eabi-gcc "../Drivers/STM32L4xx_HAL_Driver/Src/stm32l4xx_hal_rcc_ex.c" -mcpu=cortex-m4 -std=gnu11 -g3 -DDEBUG -DUSE_HAL_DRIVER -DSTM32L476xx -c -I../Core/Inc -I../Drivers/STM32L4xx_HAL_Driver/Inc -I../Drivers/STM32L4xx_HAL_Driver/Inc/Legacy -I../Drivers/CMSIS/Device/ST/STM32L4xx/Include -I../Drivers/CMSIS/Include -O0 -ffunction-sections -fdata-sections -Wall -fstack-usage -fcyclomatic-complexity -MMD -MP -MF"Drivers/STM32L4xx_HAL_Driver/Src/stm32l4xx_hal_rcc_ex.d" -MT"Drivers/STM32L4xx_HAL_Driver/Src/stm32l4xx_hal_rcc_ex.o" --specs=nano.specs -mfpu=fpv4-sp-d16 -mfloat-abi=hard -mthumb -o "Drivers/STM32L4xx_HAL_Driver/Src/stm32l4xx_hal_rcc_ex.o"
arm-none-eabi-gcc "../Drivers/STM32L4xx_HAL_Driver/Src/stm32l4xx_hal_tim.c" -mcpu=cortex-m4 -std=gnu11 -g3 -DDEBUG -DUSE_HAL_DRIVER -DSTM32L476xx -c -I../Core/Inc -I../Drivers/STM32L4xx_HAL_Driver/Inc -I../Drivers/STM32L4xx_HAL_Driver/Inc/Legacy -I../Drivers/CMSIS/Device/ST/STM32L4xx/Include -I../Drivers/CMSIS/Include -O0 -ffunction-sections -fdata-sections -Wall -fstack-usage -fcyclomatic-complexity -MMD -MP -MF"Drivers/STM32L4xx_HAL_Driver/Src/stm32l4xx_hal_tim.d" -MT"Drivers/STM32L4xx_HAL_Driver/Src/stm32l4xx_hal_tim.o" --specs=nano.specs -mfpu=fpv4-sp-d16 -mfloat-abi=hard -mthumb -o "Drivers/STM32L4xx_HAL_Driver/Src/stm32l4xx_hal_tim.o"
arm-none-eabi-gcc "../Drivers/STM32L4xx_HAL_Driver/Src/stm32l4xx_hal_tim_ex.c" -mcpu=cortex-m4 -std=gnu11 -g3 -DDEBUG -DUSE_HAL_DRIVER -DSTM32L476xx -c -I../Core/Inc -I../Drivers/STM32L4xx_HAL_Driver/Inc -I../Drivers/STM32L4xx_HAL_Driver/Inc/Legacy -I../Drivers/CMSIS/Device/ST/STM32L4xx/Include -I../Drivers/CMSIS/Include -O0 -ffunction-sections -fdata-sections -Wall -fstack-usage -fcyclomatic-complexity -MMD -MP -MF"Drivers/STM32L4xx_HAL_Driver/Src/stm32l4xx_hal_tim_ex.d" -MT"Drivers/STM32L4xx_HAL_Driver/Src/stm32l4xx_hal_tim_ex.o" --specs=nano.specs -mfpu=fpv4-sp-d16 -mfloat-abi=hard -mthumb -o "Drivers/STM32L4xx_HAL_Driver/Src/stm32l4xx_hal_tim_ex.o"
arm-none-eabi-gcc "../Core/Src/adc.c" -mcpu=cortex-m4 -std=gnu11 -g3 -DDEBUG -DUSE_HAL_DRIVER -DSTM32L476xx -c -I../Core/Inc -I../Drivers/STM32L4xx_HAL_Driver/Inc -I../Drivers/STM32L4xx_HAL_Driver/Inc/Legacy -I../Drivers/CMSIS/Device/ST/STM32L4xx/Include -I../Drivers/CMSIS/Include -O0 -ffunction-sections -fdata-sections -Wall -fstack-usage -fcyclomatic-complexity -MMD -MP -MF"Core/Src/adc.d" -MT"Core/Src/adc.o" --specs=nano.specs -mfpu=fpv4-sp-d16 -mfloat-abi=hard -mthumb -o "Core/Src/adc.o"
arm-none-eabi-gcc "../Core/Src/main.c" -mcpu=cortex-m4 -std=gnu11 -g3 -DDEBUG -DUSE_HAL_DRIVER -DSTM32L476xx -c -I../Core/Inc -I../Drivers/STM32L4xx_HAL_Driver/Inc -I../Drivers/STM32L4xx_HAL_Driver/Inc/Legacy -I../Drivers/CMSIS/Device/ST/STM32L4xx/Include -I../Drivers/CMSIS/Include -O0 -ffunction-sections -fdata-sections -Wall -fstack-usage -fcyclomatic-complexity -MMD -MP -MF"Core/Src/main.d" -MT"Core/Src/main.o" --specs=nano.specs -mfpu=fpv4-sp-d16 -mfloat-abi=hard -mthumb -o "Core/Src/main.o"
arm-none-eabi-gcc "../Core/Src/stm32l4xx_hal_msp.c" -mcpu=cortex-m4 -std=gnu11 -g3 -DDEBUG -DUSE_HAL_DRIVER -DSTM32L476xx -c -I../Core/Inc -I../Drivers/STM32L4xx_HAL_Driver/Inc -I../Drivers/STM32L4xx_HAL_Driver/Inc/Legacy -I../Drivers/CMSIS/Device/ST/STM32L4xx/Include -I../Drivers/CMSIS/Include -O0 -ffunction-sections -fdata-sections -Wall -fstack-usage -fcyclomatic-complexity -MMD -MP -MF"Core/Src/stm32l4xx_hal_msp.d" -MT"Core/Src/stm32l4xx_hal_msp.o" --specs=nano.specs -mfpu=fpv4-sp-d16 -mfloat-abi=hard -mthumb -o "Core/Src/stm32l4xx_hal_msp.o"
arm-none-eabi-gcc "../Core/Src/stm32l4xx_it.c" -mcpu=cortex-m4 -std=gnu11 -g3 -DDEBUG -DUSE_HAL_DRIVER -DSTM32L476xx -c -I../Core/Inc -I../Drivers/STM32L4xx_HAL_Driver/Inc -I../Drivers/STM32L4xx_HAL_Driver/Inc/Legacy -I../Drivers/CMSIS/Device/ST/STM32L4xx/Include -I../Drivers/CMSIS/Include -O0 -ffunction-sections -fdata-sections -Wall -fstack-usage -fcyclomatic-complexity -MMD -MP -MF"Core/Src/stm32l4xx_it.d" -MT"Core/Src/stm32l4xx_it.o" --specs=nano.specs -mfpu=fpv4-sp-d16 -mfloat-abi=hard -mthumb -o "Core/Src/stm32l4xx_it.o"
In file included from ../Core/Inc/stm32l4xx_hal_conf.h:442,
                 from ../Drivers/STM32L4xx_HAL_Driver/Inc/stm32l4xx_hal.h:29,
                 from ../Drivers/STM32L4xx_HAL_Driver/Src/stm32l4xx_hal_tim.c:187:
../Drivers/STM32L4xx_HAL_Driver/Inc/stm32l4xx_hal_tim.h:1004: warning: "TIM_OCMODE_ASSYMETRIC_PWM1" redefined
 1004 | #define TIM_OCMODE_ASSYMETRIC_PWM1         (TIM_CCMR1_OC1M_3 | TIM_CCMR1_OC1M_1 | TIM_CCMR1_OC1M_2)  /*!< Asymmetric PWM mode 1                  */
      | 
In file included from ../Drivers/STM32L4xx_HAL_Driver/Inc/stm32l4xx_hal_def.h:30,
                 from ../Drivers/STM32L4xx_HAL_Driver/Inc/stm32l4xx_hal_rcc.h:27,
                 from ../Core/Inc/stm32l4xx_hal_conf.h:258:
../Drivers/STM32L4xx_HAL_Driver/Inc/Legacy/stm32_hal_legacy.h:4258: note: this is the location of the previous definition
 4258 | #define TIM_OCMODE_ASSYMETRIC_PWM1      TIM_OCMODE_ASYMMETRIC_PWM1
      | 
../Drivers/STM32L4xx_HAL_Driver/Inc/stm32l4xx_hal_tim.h:1005: warning: "TIM_OCMODE_ASSYMETRIC_PWM2" redefined
 1005 | #define TIM_OCMODE_ASSYMETRIC_PWM2         TIM_CCMR1_OC1M                                            /*!< Asymmetric PWM mode 2                  */
      | 
../Drivers/STM32L4xx_HAL_Driver/Inc/Legacy/stm32_hal_legacy.h:4259: note: this is the location of the previous definition
 4259 | #define TIM_OCMODE_ASSYMETRIC_PWM2      TIM_OCMODE_ASYMMETRIC_PWM2
      | 
In file included from ../Core/Inc/stm32l4xx_hal_conf.h:442,
                 from ../Drivers/STM32L4xx_HAL_Driver/Inc/stm32l4xx_hal.h:29,
                 from ../Drivers/STM32L4xx_HAL_Driver/Src/stm32l4xx_hal_tim_ex.c:83:
../Drivers/STM32L4xx_HAL_Driver/Inc/stm32l4xx_hal_tim.h:1004: warning: "TIM_OCMODE_ASSYMETRIC_PWM1" redefined
 1004 | #define TIM_OCMODE_ASSYMETRIC_PWM1         (TIM_CCMR1_OC1M_3 | TIM_CCMR1_OC1M_1 | TIM_CCMR1_OC1M_2)  /*!< Asymmetric PWM mode 1                  */
      | 
In file included from ../Drivers/STM32L4xx_HAL_Driver/Inc/stm32l4xx_hal_def.h:30,
                 from ../Drivers/STM32L4xx_HAL_Driver/Inc/stm32l4xx_hal_rcc.h:27,
                 from ../Core/Inc/stm32l4xx_hal_conf.h:258:
../Drivers/STM32L4xx_HAL_Driver/Inc/Legacy/stm32_hal_legacy.h:4258: note: this is the location of the previous definition
 4258 | #define TIM_OCMODE_ASSYMETRIC_PWM1      TIM_OCMODE_ASYMMETRIC_PWM1
      | 
../Drivers/STM32L4xx_HAL_Driver/Inc/stm32l4xx_hal_tim.h:1005: warning: "TIM_OCMODE_ASSYMETRIC_PWM2" redefined
 1005 | #define TIM_OCMODE_ASSYMETRIC_PWM2         TIM_CCMR1_OC1M                                            /*!< Asymmetric PWM mode 2                  */
      | 
../Drivers/STM32L4xx_HAL_Driver/Inc/Legacy/stm32_hal_legacy.h:4259: note: this is the location of the previous definition
 4259 | #define TIM_OCMODE_ASSYMETRIC_PWM2      TIM_OCMODE_ASYMMETRIC_PWM2
      | 
In file included from ../Core/Inc/stm32l4xx_hal_conf.h:442,
                 from ../Drivers/STM32L4xx_HAL_Driver/Inc/stm32l4xx_hal.h:29,
                 from ../Drivers/STM32L4xx_HAL_Driver/Src/stm32l4xx_hal_rcc_ex.c:25:
../Drivers/STM32L4xx_HAL_Driver/Inc/stm32l4xx_hal_tim.h:1004: warning: "TIM_OCMODE_ASSYMETRIC_PWM1" redefined
 1004 | #define TIM_OCMODE_ASSYMETRIC_PWM1         (TIM_CCMR1_OC1M_3 | TIM_CCMR1_OC1M_1 | TIM_CCMR1_OC1M_2)  /*!< Asymmetric PWM mode 1                  */
      | 
In file included from ../Drivers/STM32L4xx_HAL_Driver/Inc/stm32l4xx_hal_def.h:30,
                 from ../Drivers/STM32L4xx_HAL_Driver/Inc/stm32l4xx_hal_rcc.h:27,
                 from ../Core/Inc/stm32l4xx_hal_conf.h:258:
../Drivers/STM32L4xx_HAL_Driver/Inc/Legacy/stm32_hal_legacy.h:4258: note: this is the location of the previous definition
 4258 | #define TIM_OCMODE_ASSYMETRIC_PWM1      TIM_OCMODE_ASYMMETRIC_PWM1
      | 
../Drivers/STM32L4xx_HAL_Driver/Inc/stm32l4xx_hal_tim.h:1005: warning: "TIM_OCMODE_ASSYMETRIC_PWM2" redefined
 1005 | #define TIM_OCMODE_ASSYMETRIC_PWM2         TIM_CCMR1_OC1M                                            /*!< Asymmetric PWM mode 2                  */
      | 
../Drivers/STM32L4xx_HAL_Driver/Inc/Legacy/stm32_hal_legacy.h:4259: note: this is the location of the previous definition
 4259 | #define TIM_OCMODE_ASSYMETRIC_PWM2      TIM_OCMODE_ASYMMETRIC_PWM2
      | 
In file included from ../Core/Inc/stm32l4xx_hal_conf.h:442,
                 from ../Drivers/STM32L4xx_HAL_Driver/Inc/stm32l4xx_hal.h:29,
                 from ../Core/Src/adc.c:1:
../Drivers/STM32L4xx_HAL_Driver/Inc/stm32l4xx_hal_tim.h:1004: warning: "TIM_OCMODE_ASSYMETRIC_PWM1" redefined
 1004 | #define TIM_OCMODE_ASSYMETRIC_PWM1         (TIM_CCMR1_OC1M_3 | TIM_CCMR1_OC1M_1 | TIM_CCMR1_OC1M_2)  /*!< Asymmetric PWM mode 1                  */
      | 
In file included from ../Drivers/STM32L4xx_HAL_Driver/Inc/stm32l4xx_hal_def.h:30,
                 from ../Drivers/STM32L4xx_HAL_Driver/Inc/stm32l4xx_hal_rcc.h:27,
                 from ../Core/Inc/stm32l4xx_hal_conf.h:258:
../Drivers/STM32L4xx_HAL_Driver/Inc/Legacy/stm32_hal_legacy.h:4258: note: this is the location of the previous definition
 4258 | #define TIM_OCMODE_ASSYMETRIC_PWM1      TIM_OCMODE_ASYMMETRIC_PWM1
      | 
../Drivers/STM32L4xx_HAL_Driver/Inc/stm32l4xx_hal_tim.h:1005: warning: "TIM_OCMODE_ASSYMETRIC_PWM2" redefined
 1005 | #define TIM_OCMODE_ASSYMETRIC_PWM2         TIM_CCMR1_OC1M                                            /*!< Asymmetric PWM mode 2                  */
      | 
../Drivers/STM32L4xx_HAL_Driver/Inc/Legacy/stm32_hal_legacy.h:4259: note: this is the location of the previous definition
 4259 | #define TIM_OCMODE_ASSYMETRIC_PWM2      TIM_OCMODE_ASYMMETRIC_PWM2
      | 
In file included from ../Core/Inc/stm32l4xx_hal_conf.h:442,
                 from ../Drivers/STM32L4xx_HAL_Driver/Inc/stm32l4xx_hal.h:29,
                 from ../Core/Inc/main.h:30,
                 from ../Core/Src/stm32l4xx_hal_msp.c:22:
../Drivers/STM32L4xx_HAL_Driver/Inc/stm32l4xx_hal_tim.h:1004: warning: "TIM_OCMODE_ASSYMETRIC_PWM1" redefined
 1004 | #define TIM_OCMODE_ASSYMETRIC_PWM1         (TIM_CCMR1_OC1M_3 | TIM_CCMR1_OC1M_1 | TIM_CCMR1_OC1M_2)  /*!< Asymmetric PWM mode 1                  */
      | 
In file included from ../Drivers/STM32L4xx_HAL_Driver/Inc/stm32l4xx_hal_def.h:30,
                 from ../Drivers/STM32L4xx_HAL_Driver/Inc/stm32l4xx_hal_rcc.h:27,
                 from ../Core/Inc/stm32l4xx_hal_conf.h:258:
../Drivers/STM32L4xx_HAL_Driver/Inc/Legacy/stm32_hal_legacy.h:4258: note: this is the location of the previous definition
 4258 | #define TIM_OCMODE_ASSYMETRIC_PWM1      TIM_OCMODE_ASYMMETRIC_PWM1
      | 
../Drivers/STM32L4xx_HAL_Driver/Inc/stm32l4xx_hal_tim.h:1005: warning: "TIM_OCMODE_ASSYMETRIC_PWM2" redefined
 1005 | #define TIM_OCMODE_ASSYMETRIC_PWM2         TIM_CCMR1_OC1M                                            /*!< Asymmetric PWM mode 2                  */
      | 
../Drivers/STM32L4xx_HAL_Driver/Inc/Legacy/stm32_hal_legacy.h:4259: note: this is the location of the previous definition
 4259 | #define TIM_OCMODE_ASSYMETRIC_PWM2      TIM_OCMODE_ASYMMETRIC_PWM2
      | 
In file included from ../Core/Inc/stm32l4xx_hal_conf.h:442,
                 from ../Drivers/STM32L4xx_HAL_Driver/Inc/stm32l4xx_hal.h:29,
                 from ../Core/Src/main.c:1:
../Drivers/STM32L4xx_HAL_Driver/Inc/stm32l4xx_hal_tim.h:1004: warning: "TIM_OCMODE_ASSYMETRIC_PWM1" redefined
 1004 | #define TIM_OCMODE_ASSYMETRIC_PWM1         (TIM_CCMR1_OC1M_3 | TIM_CCMR1_OC1M_1 | TIM_CCMR1_OC1M_2)  /*!< Asymmetric PWM mode 1                  */
      | 
In file included from ../Drivers/STM32L4xx_HAL_Driver/Inc/stm32l4xx_hal_def.h:30,
                 from ../Drivers/STM32L4xx_HAL_Driver/Inc/stm32l4xx_hal_rcc.h:27,
                 from ../Core/Inc/stm32l4xx_hal_conf.h:258:
../Drivers/STM32L4xx_HAL_Driver/Inc/Legacy/stm32_hal_legacy.h:4258: note: this is the location of the previous definition
 4258 | #define TIM_OCMODE_ASSYMETRIC_PWM1      TIM_OCMODE_ASYMMETRIC_PWM1
      | 
../Drivers/STM32L4xx_HAL_Driver/Inc/stm32l4xx_hal_tim.h:1005: warning: "TIM_OCMODE_ASSYMETRIC_PWM2" redefined
 1005 | #define TIM_OCMODE_ASSYMETRIC_PWM2         TIM_CCMR1_OC1M                                            /*!< Asymmetric PWM mode 2                  */
      | 
../Drivers/STM32L4xx_HAL_Driver/Inc/Legacy/stm32_hal_legacy.h:4259: note: this is the location of the previous definition
 4259 | #define TIM_OCMODE_ASSYMETRIC_PWM2      TIM_OCMODE_ASYMMETRIC_PWM2
      | 
arm-none-eabi-gcc "../Core/Src/system_stm32l4xx.c" -mcpu=cortex-m4 -std=gnu11 -g3 -DDEBUG -DUSE_HAL_DRIVER -DSTM32L476xx -c -I../Core/Inc -I../Drivers/STM32L4xx_HAL_Driver/Inc -I../Drivers/STM32L4xx_HAL_Driver/Inc/Legacy -I../Drivers/CMSIS/Device/ST/STM32L4xx/Include -I../Drivers/CMSIS/Include -O0 -ffunction-sections -fdata-sections -Wall -fstack-usage -fcyclomatic-complexity -MMD -MP -MF"Core/Src/system_stm32l4xx.d" -MT"Core/Src/system_stm32l4xx.o" --specs=nano.specs -mfpu=fpv4-sp-d16 -mfloat-abi=hard -mthumb -o "Core/Src/system_stm32l4xx.o"
In file included from ../Core/Inc/stm32l4xx_hal_conf.h:442,
                 from ../Drivers/STM32L4xx_HAL_Driver/Inc/stm32l4xx_hal.h:29,
                 from ../Core/Inc/main.h:30,
                 from ../Core/Src/stm32l4xx_it.c:21:
../Drivers/STM32L4xx_HAL_Driver/Inc/stm32l4xx_hal_tim.h:1004: warning: "TIM_OCMODE_ASSYMETRIC_PWM1" redefined
 1004 | #define TIM_OCMODE_ASSYMETRIC_PWM1         (TIM_CCMR1_OC1M_3 | TIM_CCMR1_OC1M_1 | TIM_CCMR1_OC1M_2)  /*!< Asymmetric PWM mode 1                  */
      | 
In file included from ../Drivers/STM32L4xx_HAL_Driver/Inc/stm32l4xx_hal_def.h:30,
                 from ../Drivers/STM32L4xx_HAL_Driver/Inc/stm32l4xx_hal_rcc.h:27,
                 from ../Core/Inc/stm32l4xx_hal_conf.h:258:
../Drivers/STM32L4xx_HAL_Driver/Inc/Legacy/stm32_hal_legacy.h:4258: note: this is the location of the previous definition
 4258 | #define TIM_OCMODE_ASSYMETRIC_PWM1      TIM_OCMODE_ASYMMETRIC_PWM1
      | 
../Drivers/STM32L4xx_HAL_Driver/Inc/stm32l4xx_hal_tim.h:1005: warning: "TIM_OCMODE_ASSYMETRIC_PWM2" redefined
 1005 | #define TIM_OCMODE_ASSYMETRIC_PWM2         TIM_CCMR1_OC1M                                            /*!< Asymmetric PWM mode 2                  */
      | 
../Drivers/STM32L4xx_HAL_Driver/Inc/Legacy/stm32_hal_legacy.h:4259: note: this is the location of the previous definition
 4259 | #define TIM_OCMODE_ASSYMETRIC_PWM2      TIM_OCMODE_ASYMMETRIC_PWM2
      | 
In file included from ../Core/Inc/stm32l4xx_hal_conf.h:442,
                 from ../Drivers/STM32L4xx_HAL_Driver/Inc/stm32l4xx_hal.h:29,
                 from ../Drivers/CMSIS/Device/ST/STM32L4xx/Include/stm32l4xx.h:288,
                 from ../Core/Src/system_stm32l4xx.c:91:
../Drivers/STM32L4xx_HAL_Driver/Inc/stm32l4xx_hal_tim.h:1004: warning: "TIM_OCMODE_ASSYMETRIC_PWM1" redefined
 1004 | #define TIM_OCMODE_ASSYMETRIC_PWM1         (TIM_CCMR1_OC1M_3 | TIM_CCMR1_OC1M_1 | TIM_CCMR1_OC1M_2)  /*!< Asymmetric PWM mode 1                  */
      | 
In file included from ../Drivers/STM32L4xx_HAL_Driver/Inc/stm32l4xx_hal_def.h:30,
                 from ../Drivers/STM32L4xx_HAL_Driver/Inc/stm32l4xx_hal_rcc.h:27,
                 from ../Core/Inc/stm32l4xx_hal_conf.h:258:
../Drivers/STM32L4xx_HAL_Driver/Inc/Legacy/stm32_hal_legacy.h:4258: note: this is the location of the previous definition
 4258 | #define TIM_OCMODE_ASSYMETRIC_PWM1      TIM_OCMODE_ASYMMETRIC_PWM1
      | 
../Drivers/STM32L4xx_HAL_Driver/Inc/stm32l4xx_hal_tim.h:1005: warning: "TIM_OCMODE_ASSYMETRIC_PWM2" redefined
 1005 | #define TIM_OCMODE_ASSYMETRIC_PWM2         TIM_CCMR1_OC1M                                            /*!< Asymmetric PWM mode 2                  */
      | 
../Drivers/STM32L4xx_HAL_Driver/Inc/Legacy/stm32_hal_legacy.h:4259: note: this is the location of the previous definition
 4259 | #define TIM_OCMODE_ASSYMETRIC_PWM2      TIM_OCMODE_ASYMMETRIC_PWM2
      | 
arm-none-eabi-gcc "../Core/Src/tim.c" -mcpu=cortex-m4 -std=gnu11 -g3 -DDEBUG -DUSE_HAL_DRIVER -DSTM32L476xx -c -I../Core/Inc -I../Drivers/STM32L4xx_HAL_Driver/Inc -I../Drivers/STM32L4xx_HAL_Driver/Inc/Legacy -I../Drivers/CMSIS/Device/ST/STM32L4xx/Include -I../Drivers/CMSIS/Include -O0 -ffunction-sections -fdata-sections -Wall -fstack-usage -fcyclomatic-complexity -MMD -MP -MF"Core/Src/tim.d" -MT"Core/Src/tim.o" --specs=nano.specs -mfpu=fpv4-sp-d16 -mfloat-abi=hard -mthumb -o "Core/Src/tim.o"
In file included from ../Core/Inc/stm32l4xx_hal_conf.h:442,
                 from ../Drivers/STM32L4xx_HAL_Driver/Inc/stm32l4xx_hal.h:29,
                 from ../Core/Src/tim.c:2:
../Drivers/STM32L4xx_HAL_Driver/Inc/stm32l4xx_hal_tim.h:1004: warning: "TIM_OCMODE_ASSYMETRIC_PWM1" redefined
 1004 | #define TIM_OCMODE_ASSYMETRIC_PWM1         (TIM_CCMR1_OC1M_3 | TIM_CCMR1_OC1M_1 | TIM_CCMR1_OC1M_2)  /*!< Asymmetric PWM mode 1                  */
      | 
In file included from ../Drivers/STM32L4xx_HAL_Driver/Inc/stm32l4xx_hal_def.h:30,
                 from ../Drivers/STM32L4xx_HAL_Driver/Inc/stm32l4xx_hal_rcc.h:27,
                 from ../Core/Inc/stm32l4xx_hal_conf.h:258:
../Drivers/STM32L4xx_HAL_Driver/Inc/Legacy/stm32_hal_legacy.h:4258: note: this is the location of the previous definition
 4258 | #define TIM_OCMODE_ASSYMETRIC_PWM1      TIM_OCMODE_ASYMMETRIC_PWM1
      | 
../Drivers/STM32L4xx_HAL_Driver/Inc/stm32l4xx_hal_tim.h:1005: warning: "TIM_OCMODE_ASSYMETRIC_PWM2" redefined
 1005 | #define TIM_OCMODE_ASSYMETRIC_PWM2         TIM_CCMR1_OC1M                                            /*!< Asymmetric PWM mode 2                  */
      | 
../Drivers/STM32L4xx_HAL_Driver/Inc/Legacy/stm32_hal_legacy.h:4259: note: this is the location of the previous definition
 4259 | #define TIM_OCMODE_ASSYMETRIC_PWM2      TIM_OCMODE_ASYMMETRIC_PWM2
      | 
arm-none-eabi-gcc -o "16_ADC_DMA.elf" @"objects.list"   -mcpu=cortex-m4 -T"C:\Users\pavan\Documents\STM HAL workspace\ADC_DMA\STM32L476RGTX_FLASH.ld" --specs=nosys.specs -Wl,-Map="16_ADC_DMA.map" -Wl,--gc-sections -static --specs=nano.specs -mfpu=fpv4-sp-d16 -mfloat-abi=hard -mthumb -Wl,--start-group -lc -lm -Wl,--end-group
Finished building target: 16_ADC_DMA.elf
 
arm-none-eabi-size  16_ADC_DMA.elf 
arm-none-eabi-objdump -h -S 16_ADC_DMA.elf  > "16_ADC_DMA.list"
   text	   data	    bss	    dec	    hex	filename
   8900	     12	   1820	  10732	   29ec	16_ADC_DMA.elf
Finished building: default.size.stdout
 
Finished building: 16_ADC_DMA.list
 
13:02:29 **** Incremental Build of configuration Debug for project 16_ADC_DMA ****
make -j8 all 
arm-none-eabi-size  16_ADC_DMA.elf 
   text	   data	    bss	    dec	    hex	filename
   8900	     12	   1820	  10732	   29ec	16_ADC_DMA.elf
Finished building: default.size.stdout
 
14:02:11 **** Incremental Build of configuration Debug for project 16_ADC_DMA ****
make -j8 all 
arm-none-eabi-size  16_ADC_DMA.elf 
   text	   data	    bss	    dec	    hex	filename
   8900	     12	   1820	  10732	   29ec	16_ADC_DMA.elf
Finished building: default.size.stdout
 
14:03:35 **** Incremental Build of configuration Debug for project 16_ADC_DMA ****
make -j8 all 
arm-none-eabi-size  16_ADC_DMA.elf 
   text	   data	    bss	    dec	    hex	filename
   8900	     12	   1820	  10732	   29ec	16_ADC_DMA.elf
Finished building: default.size.stdout
 
