../Drivers/CMSIS/Include/core_cm4.h:2059:26:ITM_SendChar	16	static,ignoring_inline_asm
../Core/Src/main.c:60:6:debug_printf	272	static
../Core/Src/main.c:76:6:rtos_delay	24	static
../Core/Src/main.c:93:6:Task1_Handler	16	static
../Core/Src/main.c:105:6:Task2_Handler	16	static
../Core/Src/main.c:129:5:main	64	static,ignoring_inline_asm
../Core/Src/main.c:211:6:SystemClock_Config	96	static
../Core/Src/main.c:261:13:MX_USART2_UART_Init	8	static
../Core/Src/main.c:296:13:MX_GPIO_Init	48	static
../Core/Src/main.c:346:6:StartDefaultTask	16	static
../Core/Src/main.c:357:6:EXTI15_10_IRQHandler	24	static
../Core/Src/main.c:381:6:Error_Handler	4	static,ignoring_inline_asm
