18:10:28 **** Incremental Build of configuration Debug for project 5_Task_Priority ****
make -j8 all 
arm-none-eabi-gcc "../Core/Src/main.c" -mcpu=cortex-m4 -std=gnu11 -g3 -DDEBUG -DUSE_HAL_DRIVER -DSTM32L476xx -c -I../Core/Inc -I../Drivers/STM32L4xx_HAL_Driver/Inc -I../Drivers/STM32L4xx_HAL_Driver/Inc/Legacy -I../Drivers/CMSIS/Device/ST/STM32L4xx/Include -I../Drivers/CMSIS/Include -I../Middlewares/Third_Party/FreeRTOS/Source/include -I../Middlewares/Third_Party/FreeRTOS/Source/CMSIS_RTOS -I../Middlewares/Third_Party/FreeRTOS/Source/portable/GCC/ARM_CM4F -O0 -ffunction-sections -fdata-sections -Wall -fstack-usage -fcyclomatic-complexity -MMD -MP -MF"Core/Src/main.d" -MT"Core/Src/main.o" --specs=nano.specs -mfpu=fpv4-sp-d16 -mfloat-abi=hard -mthumb -o "Core/Src/main.o"
arm-none-eabi-gcc -o "5_Task_Priority.elf" @"objects.list"   -mcpu=cortex-m4 -T"C:\Users\pavan\Documents\STM RTOS\5_Task_Priority\STM32L476RGTX_FLASH.ld" --specs=nosys.specs -Wl,-Map="5_Task_Priority.map" -Wl,--gc-sections -static --specs=nano.specs -mfpu=fpv4-sp-d16 -mfloat-abi=hard -mthumb -Wl,--start-group -lc -lm -Wl,--end-group
Finished building target: 5_Task_Priority.elf
 
arm-none-eabi-size  5_Task_Priority.elf 
arm-none-eabi-objdump -h -S 5_Task_Priority.elf  > "5_Task_Priority.list"
   text	   data	    bss	    dec	    hex	filename
  21888	    104	   5992	  27984	   6d50	5_Task_Priority.elf
Finished building: default.size.stdout
 
Finished building: 5_Task_Priority.list
 
18:10:37 **** Incremental Build of configuration Debug for project 5_Task_Priority ****
make -j8 all 
arm-none-eabi-size  5_Task_Priority.elf 
   text	   data	    bss	    dec	    hex	filename
  21888	    104	   5992	  27984	   6d50	5_Task_Priority.elf
Finished building: default.size.stdout
 
18:11:05 **** Incremental Build of configuration Debug for project 5_Task_Priority ****
make -j8 all 
arm-none-eabi-size  5_Task_Priority.elf 
   text	   data	    bss	    dec	    hex	filename
  21888	    104	   5992	  27984	   6d50	5_Task_Priority.elf
Finished building: default.size.stdout
 
