<html>
<body>
<pre>
<h1>µVision Build Log</h1>
<h2>Project:</h2>
D:\LPC2148\UART1\Uart tx.uvproj
Project File Date:  10/30/2025

<h2>Output:</h2>
Rebuild target 'Target 1'
assembling Startup.s...
compiling uart_tx.c...
uart_tx.c(13): warning:  #1-D: last line of file ends without a newline
  }
uart_tx.c: 1 warning, 0 errors
linking...
Program Size: Code=780 RO-data=16 RW-data=0 ZI-data=1256  
FromELF: creating hex file...
".\Uart tx.axf" - 0 Error(s), 1 Warning(s).
</pre>
</body>
</html>
list the image map.
Finished: 2 information, 1 warning and 1 error messages.
".\Uart tx.axf" - 1 Error(s), 1 Warning(s).
Target not created
