<html>
<body>
<pre>
<h1>µVision Build Log</h1>
<h2>Project:</h2>
D:\LPC2148\workseet 1\1_blinking_LED\blinking_LED.uvproj
Project File Date:  10/31/2025

<h2>Output:</h2>
Rebuild target 'Target 1'
assembling Startup.s...
compiling main.c...
timer.h(17): warning:  #1-D: last line of file ends without a newline
  }
header.h(2): warning:  #1-D: last line of file ends without a newline
  void delay_us(int);
main.c(19): warning:  #1-D: last line of file ends without a newline
  }
main.c: 3 warnings, 0 errors
linking...
Program Size: Code=940 RO-data=16 RW-data=0 ZI-data=1256  
FromELF: creating hex file...
".\blinking_LED.axf" - 0 Error(s), 3 Warning(s).
</pre>
</body>
</html>
