<html>
<body>
<pre>
<h1>µVision Build Log</h1>
<h2>Project:</h2>
D:\LPC2148\workseet 1\3_LCD_display\LCD_temp.uvproj
Project File Date:  10/31/2025

<h2>Output:</h2>
Rebuild target 'Target 1'
assembling Startup.s...
compiling main.c...
header.h(9): warning:  #1-D: last line of file ends without a newline
  void floatlcd(float f,int ndp);
header.h(9): warning:  #1-D: last line of file ends without a newline
  void floatlcd(float f,int ndp);
timer.h(18): warning:  #1-D: last line of file ends without a newline
  }
main.c(25): warning:  #1-D: last line of file ends without a newline
  }
main.c: 4 warnings, 0 errors
compiling lcd.c...
header.h(9): warning:  #1-D: last line of file ends without a newline
  void floatlcd(float f,int ndp);
lcd.c(83): warning:  #1-D: last line of file ends without a newline
  }
lcd.c: 2 warnings, 0 errors
compiling adc_init.c...
header.h(9): warning:  #1-D: last line of file ends without a newline
  void floatlcd(float f,int ndp);
adc_init.c(25): warning:  #1-D: last line of file ends without a newline
  }
adc_init.c: 2 warnings, 0 errors
linking...
Program Size: Code=5084 RO-data=16 RW-data=0 ZI-data=1256  
FromELF: creating hex file...
".\LCD_temp.axf" - 0 Error(s), 8 Warning(s).
</pre>
</body>
</html>
