14:40:12 **** Incremental Build of configuration Debug for project Sample_Hello ****
make -j8 all 
arm-none-eabi-gcc "../Src/syscalls.c" -mcpu=cortex-m4 -std=gnu11 -g3 -DDEBUG -DNUCLEO_F411RE -DSTM32 -DSTM32F4 -DSTM32F411RETx -c -I../Inc -O0 -ffunction-sections -fdata-sections -Wall -fstack-usage -fcyclomatic-complexity -MMD -MP -MF"Src/syscalls.d" -MT"Src/syscalls.o" --specs=nano.specs -mfpu=fpv4-sp-d16 -mfloat-abi=hard -mthumb -o "Src/syscalls.o"
arm-none-eabi-gcc -o "Sample_Hello.elf" @"objects.list"   -mcpu=cortex-m4 -T"C:\Users\pavan\Documents\STM Bare Metal\Sample_Hello\STM32F411RETX_FLASH.ld" --specs=nosys.specs -Wl,-Map="Sample_Hello.map" -Wl,--gc-sections -static --specs=nano.specs -mfpu=fpv4-sp-d16 -mfloat-abi=hard -mthumb -Wl,--start-group -lc -lm -Wl,--end-group
Finished building target: Sample_Hello.elf
 
arm-none-eabi-size  Sample_Hello.elf 
arm-none-eabi-objdump -h -S Sample_Hello.elf  > "Sample_Hello.list"
   text	   data	    bss	    dec	    hex	filename
    668	      0	   1568	   2236	    8bc	Sample_Hello.elf
Finished building: default.size.stdout
 
Finished building: Sample_Hello.list
 

14:40:12 Build Finished. 0 errors, 0 warnings. (took 501ms)

