14:40:12 **** Incremental Build of configuration Debug for project stm32l4xx_drivers ****
make -j8 all 
arm-none-eabi-gcc "../Src/syscalls.c" -mcpu=cortex-m4 -std=gnu11 -g3 -DDEBUG -DSTM32L4 -DSTM32 -DSTM32L476RGTx -c -I"C:/Users/pavan/Documents/STM Bare Metal/stm32l4xx_drivers/drivers/Inc" -O0 -ffunction-sections -fdata-sections -Wall -fstack-usage -fcyclomatic-complexity -MMD -MP -MF"Src/syscalls.d" -MT"Src/syscalls.o" --specs=nano.specs -mfpu=fpv4-sp-d16 -mfloat-abi=hard -mthumb -o "Src/syscalls.o"
arm-none-eabi-gcc "../Src/sysmem.c" -mcpu=cortex-m4 -std=gnu11 -g3 -DDEBUG -DSTM32L4 -DSTM32 -DSTM32L476RGTx -c -I"C:/Users/pavan/Documents/STM Bare Metal/stm32l4xx_drivers/drivers/Inc" -O0 -ffunction-sections -fdata-sections -Wall -fstack-usage -fcyclomatic-complexity -MMD -MP -MF"Src/sysmem.d" -MT"Src/sysmem.o" --specs=nano.specs -mfpu=fpv4-sp-d16 -mfloat-abi=hard -mthumb -o "Src/sysmem.o"
arm-none-eabi-gcc "../Src/ultrasonic_sd_card.c" -mcpu=cortex-m4 -std=gnu11 -g3 -DDEBUG -DSTM32L4 -DSTM32 -DSTM32L476RGTx -c -I"C:/Users/pavan/Documents/STM Bare Metal/stm32l4xx_drivers/drivers/Inc" -O0 -ffunction-sections -fdata-sections -Wall -fstack-usage -fcyclomatic-complexity -MMD -MP -MF"Src/ultrasonic_sd_card.d" -MT"Src/ultrasonic_sd_card.o" --specs=nano.specs -mfpu=fpv4-sp-d16 -mfloat-abi=hard -mthumb -o "Src/ultrasonic_sd_card.o"
arm-none-eabi-gcc -o "stm32l4xx_drivers.elf" @"objects.list"   -mcpu=cortex-m4 -T"C:\Users\pavan\Documents\STM Bare Metal\stm32l4xx_drivers\STM32L476RGTX_FLASH.ld" --specs=nosys.specs -Wl,-Map="stm32l4xx_drivers.map" -Wl,--gc-sections -static --specs=nano.specs -mfpu=fpv4-sp-d16 -mfloat-abi=hard -mthumb -Wl,--start-group -lc -lm -Wl,--end-group
Finished building target: stm32l4xx_drivers.elf
 
arm-none-eabi-size  stm32l4xx_drivers.elf 
arm-none-eabi-objdump -h -S stm32l4xx_drivers.elf  > "stm32l4xx_drivers.list"
   text	   data	    bss	    dec	    hex	filename
    664	      0	   1568	   2232	    8b8	stm32l4xx_drivers.elf
Finished building: default.size.stdout
 
Finished building: stm32l4xx_drivers.list
 

14:40:13 Build Finished. 0 errors, 0 warnings. (took 960ms)

