<html>
<body>
<pre>
<h1>µVision Build Log</h1>
<h2>Project:</h2>
C:\Users\PAVAN BHARADWAJ D K\Downloads\LPC2148\LCD_display\LCD.uvproj
Project File Date:  10/23/2025

<h2>Output:</h2>
Rebuild target 'Target 1'
assembling Startup.s...
compiling Main.c...
GPIO.h(161): warning:  #940-D: missing return statement at end of non-void function "portRead"
  }
GPIO.h(166): warning:  #550-D: variable "dummy" was set but never used
        int dummy;
GPIO.h(221): warning:  #1-D: last line of file ends without a newline
   
Main.c(11): warning:  #1-D: last line of file ends without a newline
        
Main.c: 4 warnings, 0 errors
linking...
Program Size: Code=2244 RO-data=16 RW-data=0 ZI-data=1256  
FromELF: creating hex file...
".\LCD.axf" - 0 Error(s), 4 Warning(s).
d: 1 information, 0 warning and 1 error messages.
".\LCD.axf" - 1 Error(s), 4 Warning(s).
Target not created
or (volatile unsigned int i = 0; i < 200000; i++);
Main.c: 0 warnings, 7 errors
".\LCD.axf" - 7 Error(s), 0 Warning(s).
Target not created
